Component: Arm Compiler for Embedded 6.22 Tool: armlink [5ee90200]

==============================================================================

Section Cross References

    startup_stm32f407xx.o(RESET) refers to startup_stm32f407xx.o(STACK) for __initial_sp
    startup_stm32f407xx.o(RESET) refers to startup_stm32f407xx.o(.text) for Reset_Handler
    startup_stm32f407xx.o(RESET) refers to stm32f4xx_it.o(.text.NMI_Handler) for NMI_Handler
    startup_stm32f407xx.o(RESET) refers to stm32f4xx_it.o(.text.HardFault_Handler) for HardFault_Handler
    startup_stm32f407xx.o(RESET) refers to stm32f4xx_it.o(.text.MemManage_Handler) for MemManage_Handler
    startup_stm32f407xx.o(RESET) refers to stm32f4xx_it.o(.text.BusFault_Handler) for BusFault_Handler
    startup_stm32f407xx.o(RESET) refers to stm32f4xx_it.o(.text.UsageFault_Handler) for UsageFault_Handler
    startup_stm32f407xx.o(RESET) refers to port.o(.text.SVC_Handler) for SVC_Handler
    startup_stm32f407xx.o(RESET) refers to stm32f4xx_it.o(.text.DebugMon_Handler) for DebugMon_Handler
    startup_stm32f407xx.o(RESET) refers to port.o(.text.PendSV_Handler) for PendSV_Handler
    startup_stm32f407xx.o(RESET) refers to systick_wrapper_gnu.o(.text) for SysTick_Handler
    startup_stm32f407xx.o(RESET) refers to stm32f4xx_it.o(.text.DMA1_Stream0_IRQHandler) for DMA1_Stream0_IRQHandler
    startup_stm32f407xx.o(RESET) refers to stm32f4xx_it.o(.text.DMA1_Stream1_IRQHandler) for DMA1_Stream1_IRQHandler
    startup_stm32f407xx.o(RESET) refers to stm32f4xx_it.o(.text.DMA1_Stream2_IRQHandler) for DMA1_Stream2_IRQHandler
    startup_stm32f407xx.o(RESET) refers to stm32f4xx_it.o(.text.DMA1_Stream3_IRQHandler) for DMA1_Stream3_IRQHandler
    startup_stm32f407xx.o(RESET) refers to stm32f4xx_it.o(.text.DMA1_Stream4_IRQHandler) for DMA1_Stream4_IRQHandler
    startup_stm32f407xx.o(RESET) refers to stm32f4xx_it.o(.text.DMA1_Stream5_IRQHandler) for DMA1_Stream5_IRQHandler
    startup_stm32f407xx.o(RESET) refers to stm32f4xx_it.o(.text.DMA1_Stream6_IRQHandler) for DMA1_Stream6_IRQHandler
    startup_stm32f407xx.o(RESET) refers to stm32f4xx_it.o(.text.CAN1_RX0_IRQHandler) for CAN1_RX0_IRQHandler
    startup_stm32f407xx.o(RESET) refers to stm32f4xx_it.o(.text.USART1_IRQHandler) for USART1_IRQHandler
    startup_stm32f407xx.o(RESET) refers to stm32f4xx_it.o(.text.USART2_IRQHandler) for USART2_IRQHandler
    startup_stm32f407xx.o(RESET) refers to stm32f4xx_it.o(.text.USART3_IRQHandler) for USART3_IRQHandler
    startup_stm32f407xx.o(RESET) refers to stm32f4xx_it.o(.text.DMA1_Stream7_IRQHandler) for DMA1_Stream7_IRQHandler
    startup_stm32f407xx.o(RESET) refers to stm32f4xx_it.o(.text.UART4_IRQHandler) for UART4_IRQHandler
    startup_stm32f407xx.o(RESET) refers to stm32f4xx_it.o(.text.UART5_IRQHandler) for UART5_IRQHandler
    startup_stm32f407xx.o(RESET) refers to stm32f4xx_it.o(.text.TIM7_IRQHandler) for TIM7_IRQHandler
    startup_stm32f407xx.o(RESET) refers to stm32f4xx_it.o(.text.DMA2_Stream2_IRQHandler) for DMA2_Stream2_IRQHandler
    startup_stm32f407xx.o(RESET) refers to stm32f4xx_it.o(.text.CAN2_RX0_IRQHandler) for CAN2_RX0_IRQHandler
    startup_stm32f407xx.o(RESET) refers to stm32f4xx_it.o(.text.DMA2_Stream7_IRQHandler) for DMA2_Stream7_IRQHandler
    startup_stm32f407xx.o(RESET) refers to stm32f4xx_it.o(.text.USART6_IRQHandler) for USART6_IRQHandler
    startup_stm32f407xx.o(.text) refers to system_stm32f4xx.o(.text.SystemInit) for SystemInit
    startup_stm32f407xx.o(.text) refers to entry.o(.ARM.Collect$$$$00000000) for __main
    main.o(.text) refers (Special) to systick_wrapper_gnu.o(.text) for __ensure_systick_wrapper
    main.o(.text.main) refers (Special) to systick_wrapper_gnu.o(.text) for __ensure_systick_wrapper
    main.o(.text.main) refers to stm32f4xx_hal.o(.text.HAL_Init) for HAL_Init
    main.o(.text.main) refers to main.o(.text.SystemClock_Config) for SystemClock_Config
    main.o(.text.main) refers to gpio.o(.text.MX_GPIO_Init) for MX_GPIO_Init
    main.o(.text.main) refers to dma.o(.text.MX_DMA_Init) for MX_DMA_Init
    main.o(.text.main) refers to usart.o(.text.MX_USART1_UART_Init) for MX_USART1_UART_Init
    main.o(.text.main) refers to usart.o(.text.MX_USART2_UART_Init) for MX_USART2_UART_Init
    main.o(.text.main) refers to usart.o(.text.MX_USART3_UART_Init) for MX_USART3_UART_Init
    main.o(.text.main) refers to can.o(.text.MX_CAN1_Init) for MX_CAN1_Init
    main.o(.text.main) refers to can.o(.text.MX_CAN2_Init) for MX_CAN2_Init
    main.o(.text.main) refers to usart.o(.text.MX_UART4_Init) for MX_UART4_Init
    main.o(.text.main) refers to usart.o(.text.MX_UART5_Init) for MX_UART5_Init
    main.o(.text.main) refers to usart.o(.text.MX_USART6_UART_Init) for MX_USART6_UART_Init
    main.o(.text.main) refers to tim.o(.text.MX_TIM4_Init) for MX_TIM4_Init
    main.o(.text.main) refers to bsp.o(.text.bsp_Init) for bsp_Init
    main.o(.text.main) refers to task_car.o(.text.app_Init) for app_Init
[...]
    bsp_InitServo                            0x0800613b   Thumb Code    46  bsp_servo.o(.text.bsp_InitServo)
    bsp_InitUart                             0x08006169   Thumb Code   330  bsp_uart_dma.o(.text.bsp_InitUart)
    can_SendCmd                              0x080062b5   Thumb Code   296  bsp_can_zdt.o(.text.can_SendCmd)
    can_WaitAck                              0x080063dd   Thumb Code    32  bsp_can_zdt.o(.text.can_WaitAck)
    comGetChar                               0x080063fd   Thumb Code    68  bsp_uart_dma.o(.text.comGetChar)
    comSendBuf                               0x08006441   Thumb Code    26  bsp_uart_dma.o(.text.comSendBuf)
    delay_dis_diagnal                        0x0800645d   Thumb Code    70  bsp_can_2006.o(.text.delay_dis_diagnal)
    delay_distance                           0x080064a5   Thumb Code    70  bsp_can_2006.o(.text.delay_distance)
    fputc                                    0x080064eb   Thumb Code    32  bsp_uart_dma.o(.text.fputc)
    get_moto_measure                         0x0800650d   Thumb Code   108  bsp_can_2006.o(.text.get_moto_measure)
    get_system_ticks                         0x0800657d   Thumb Code   132  perf_counter.o(.text.get_system_ticks)
    init_cycle_counter                       0x08006601   Thumb Code    84  perf_counter.o(.text.init_cycle_counter)
    main                                     0x08006655   Thumb Code    88  main.o(.text.main)
    osEventFlagsNew                          0x080066b5   Thumb Code    36  cmsis_os2.o(.text.osEventFlagsNew)
    osKernelInitialize                       0x080066d9   Thumb Code    38  cmsis_os2.o(.text.osKernelInitialize)
    osKernelStart                            0x080066ff   Thumb Code    58  cmsis_os2.o(.text.osKernelStart)
    osMessageQueueNew                        0x08006739   Thumb Code   110  cmsis_os2.o(.text.osMessageQueueNew)
    osMutexAcquire                           0x080067a7   Thumb Code    70  cmsis_os2.o(.text.osMutexAcquire)
    osMutexNew                               0x080067ed   Thumb Code   112  cmsis_os2.o(.text.osMutexNew)
    osMutexRelease                           0x0800685d   Thumb Code    58  cmsis_os2.o(.text.osMutexRelease)
    osThreadNew                              0x08006897   Thumb Code   148  cmsis_os2.o(.text.osThreadNew)
    perfc_port_clear_system_timer_ovf_pending 0x0800692b   Thumb Code    16  perfc_port_default.o(.text.perfc_port_clear_system_timer_ovf_pending)
    perfc_port_get_system_timer_elapsed      0x0800693b   Thumb Code    24  perfc_port_default.o(.text.perfc_port_get_system_timer_elapsed)
    perfc_port_get_system_timer_freq         0x08006953   Thumb Code    12  perfc_port_default.o(.text.perfc_port_get_system_timer_freq)
    perfc_port_get_system_timer_top          0x0800695f   Thumb Code    14  perfc_port_default.o(.text.perfc_port_get_system_timer_top)
    perfc_port_init_system_timer             0x0800696d   Thumb Code    40  perfc_port_default.o(.text.perfc_port_init_system_timer)
    perfc_port_insert_to_system_timer_insert_ovf_handler 0x08006995   Thumb Code   176  perf_counter.o(.text.perfc_port_insert_to_system_timer_insert_ovf_handler)
    perfc_port_is_system_timer_ovf_pending   0x08006a45   Thumb Code    16  perfc_port_default.o(.text.perfc_port_is_system_timer_ovf_pending)
    pvPortMalloc                             0x08007231   Thumb Code   372  heap_4.o(.text.pvPortMalloc)
    pvTaskIncrementMutexHeldCount            0x080073a5   Thumb Code    24  tasks.o(.text.pvTaskIncrementMutexHeldCount)
    pxPortInitialiseStack                    0x080073bd   Thumb Code    36  port.o(.text.pxPortInitialiseStack)
    stop                                     0x080073e1   Thumb Code    24  bsp_can_2006.o(.text.stop)
    update_perf_counter                      0x080073f9   Thumb Code   110  perf_counter.o(.text.update_perf_counter)
    uxListRemove                             0x08007467   Thumb Code    34  list.o(.text.uxListRemove)
    uxTaskResetEventItemValue                0x08007489   Thumb Code    26  tasks.o(.text.uxTaskResetEventItemValue)
    vApplicationGetIdleTaskMemory            0x080074a3   Thumb Code    26  cmsis_os2.o(.text.vApplicationGetIdleTaskMemory)
    vApplicationGetTimerTaskMemory           0x080074bd   Thumb Code    28  cmsis_os2.o(.text.vApplicationGetTimerTaskMemory)
    vListInitialise                          0x080074d9   Thumb Code    22  list.o(.text.vListInitialise)
    vListInitialiseItem                      0x080074ef   Thumb Code     6  list.o(.text.vListInitialiseItem)
    vListInsert                              0x080074f5   Thumb Code    58  list.o(.text.vListInsert)
    vListInsertEnd                           0x0800752f   Thumb Code    26  list.o(.text.vListInsertEnd)
    vPortEnterCritical                       0x0800755d   Thumb Code    66  port.o(.text.vPortEnterCritical)
    vPortExitCritical                        0x080075a1   Thumb Code    46  port.o(.text.vPortExitCritical)
    vPortFree                                0x080075d1   Thumb Code   136  heap_4.o(.text.vPortFree)
    vPortSetupTimerInterrupt                 0x08007659   Thumb Code    52  port.o(.text.vPortSetupTimerInterrupt)
    vPortValidateInterruptPriority           0x0800768d   Thumb Code    98  port.o(.text.vPortValidateInterruptPriority)
    vQueueAddToRegistry                      0x080076f1   Thumb Code    40  queue.o(.text.vQueueAddToRegistry)
    vQueueWaitForMessageRestricted           0x08007719   Thumb Code    70  queue.o(.text.vQueueWaitForMessageRestricted)
    vTaskDelay                               0x08007761   Thumb Code    78  tasks.o(.text.vTaskDelay)
    vTaskInternalSetTimeOutState             0x080077af   Thumb Code    26  tasks.o(.text.vTaskInternalSetTimeOutState)
    vTaskMissedYield                         0x080077c9   Thumb Code    14  tasks.o(.text.vTaskMissedYield)
    vTaskPlaceOnEventList                    0x080077d9   Thumb Code    54  tasks.o(.text.vTaskPlaceOnEventList)
    vTaskPlaceOnEventListRestricted          0x08007811   Thumb Code    62  tasks.o(.text.vTaskPlaceOnEventListRestricted)
    vTaskPlaceOnUnorderedEventList           0x08007851   Thumb Code    94  tasks.o(.text.vTaskPlaceOnUnorderedEventList)
    vTaskPriorityDisinheritAfterTimeout      0x080078b1   Thumb Code   162  tasks.o(.text.vTaskPriorityDisinheritAfterTimeout)
    vTaskRemoveFromUnorderedEventList        0x08007955   Thumb Code   150  tasks.o(.text.vTaskRemoveFromUnorderedEventList)
    vTaskStartScheduler                      0x080079ed   Thumb Code   180  tasks.o(.text.vTaskStartScheduler)
    vTaskSuspendAll                          0x08007aa9   Thumb Code    16  tasks.o(.text.vTaskSuspendAll)
    vTaskSwitchContext                       0x08007ab9   Thumb Code   158  tasks.o(.text.vTaskSwitchContext)
    writeRingBuff_hwt101                     0x08007b57   Thumb Code    72  bsp_hwt101.o(.text.writeRingBuff_hwt101)
    xEventGroupClearBits                     0x08007ba1   Thumb Code    72  event_groups.o(.text.xEventGroupClearBits)
    xEventGroupCreate                        0x08007be9   Thumb Code    28  event_groups.o(.text.xEventGroupCreate)
    xEventGroupCreateStatic                  0x08007c05   Thumb Code    78  event_groups.o(.text.xEventGroupCreateStatic)
    xEventGroupSetBits                       0x08007c55   Thumb Code   154  event_groups.o(.text.xEventGroupSetBits)
    xEventGroupWaitBits                      0x08007cf1   Thumb Code   294  event_groups.o(.text.xEventGroupWaitBits)
    xPortStartScheduler                      0x08007e19   Thumb Code   298  port.o(.text.xPortStartScheduler)
    xPortSysTickHandler                      0x08007f43   Thumb Code    46  port.o(.text.xPortSysTickHandler)
    xQueueCreateMutex                        0x08007f71   Thumb Code    40  queue.o(.text.xQueueCreateMutex)
    xQueueCreateMutexStatic                  0x08007f99   Thumb Code    48  queue.o(.text.xQueueCreateMutexStatic)
    xQueueGenericCreate                      0x08007fc9   Thumb Code    82  queue.o(.text.xQueueGenericCreate)
    xQueueGenericCreateStatic                0x0800801d   Thumb Code   166  queue.o(.text.xQueueGenericCreateStatic)
    xQueueGenericReset                       0x080080c5   Thumb Code   132  queue.o(.text.xQueueGenericReset)
    xQueueGenericSend                        0x08008149   Thumb Code   422  queue.o(.text.xQueueGenericSend)
    xQueueGenericSendFromISR                 0x080082f1   Thumb Code   200  queue.o(.text.xQueueGenericSendFromISR)
    xQueueGiveMutexRecursive                 0x080083b9   Thumb Code    62  queue.o(.text.xQueueGiveMutexRecursive)
    xQueueReceive                            0x080083f9   Thumb Code   390  queue.o(.text.xQueueReceive)
    xQueueSemaphoreTake                      0x08008581   Thumb Code   436  queue.o(.text.xQueueSemaphoreTake)
    xQueueTakeMutexRecursive                 0x08008735   Thumb Code    60  queue.o(.text.xQueueTakeMutexRecursive)
    xTaskCheckForTimeOut                     0x08008771   Thumb Code   136  tasks.o(.text.xTaskCheckForTimeOut)
    xTaskCreate                              0x080087f9   Thumb Code    90  tasks.o(.text.xTaskCreate)
    xTaskCreateStatic                        0x08008855   Thumb Code   118  tasks.o(.text.xTaskCreateStatic)
    xTaskGenericNotify                       0x080088cd   Thumb Code   242  tasks.o(.text.xTaskGenericNotify)
    xTaskGetCurrentTaskHandle                0x080089bf   Thumb Code    12  tasks.o(.text.xTaskGetCurrentTaskHandle)
    xTaskGetSchedulerState                   0x080089cb   Thumb Code    36  tasks.o(.text.xTaskGetSchedulerState)
    xTaskGetTickCount                        0x080089ef   Thumb Code    12  tasks.o(.text.xTaskGetTickCount)
    xTaskIncrementTick                       0x080089fd   Thumb Code   360  tasks.o(.text.xTaskIncrementTick)
    xTaskNotifyWait                          0x08008b65   Thumb Code   142  tasks.o(.text.xTaskNotifyWait)
    xTaskPriorityDisinherit                  0x08008bf5   Thumb Code   146  tasks.o(.text.xTaskPriorityDisinherit)
    xTaskPriorityInherit                     0x08008c87   Thumb Code   142  tasks.o(.text.xTaskPriorityInherit)
    xTaskRemoveFromEventList                 0x08008d15   Thumb Code   142  tasks.o(.text.xTaskRemoveFromEventList)
    xTaskResumeAll                           0x08008da5   Thumb Code   306  tasks.o(.text.xTaskResumeAll)
    xTimerCreateTimerTask                    0x08008ed9   Thumb Code   108  timers.o(.text.xTimerCreateTimerTask)
    xTimerGenericCommand                     0x08008f4d   Thumb Code   100  timers.o(.text.xTimerGenericCommand)
    __0printf                                0x08008fb1   Thumb Code    22  printfa.o(i.__0printf)
    __1printf                                0x08008fb1   Thumb Code     0  printfa.o(i.__0printf)
    __2printf                                0x08008fb1   Thumb Code     0  printfa.o(i.__0printf)
    __c89printf                              0x08008fb1   Thumb Code     0  printfa.o(i.__0printf)
    printf                                   0x08008fb1   Thumb Code     0  printfa.o(i.__0printf)
    __0sprintf                               0x08008fd1   Thumb Code    34  printfa.o(i.__0sprintf)
    __1sprintf                               0x08008fd1   Thumb Code     0  printfa.o(i.__0sprintf)
    __2sprintf                               0x08008fd1   Thumb Code     0  printfa.o(i.__0sprintf)
    __c89sprintf                             0x08008fd1   Thumb Code     0  printfa.o(i.__0sprintf)
    sprintf                                  0x08008fd1   Thumb Code     0  printfa.o(i.__0sprintf)
    __0vsnprintf                             0x08008ff9   Thumb Code    46  printfa.o(i.__0vsnprintf)
    __1vsnprintf                             0x08008ff9   Thumb Code     0  printfa.o(i.__0vsnprintf)
    __2vsnprintf                             0x08008ff9   Thumb Code     0  printfa.o(i.__0vsnprintf)
    __c89vsnprintf                           0x08008ff9   Thumb Code     0  printfa.o(i.__0vsnprintf)
    vsnprintf                                0x08008ff9   Thumb Code     0  printfa.o(i.__0vsnprintf)
    __aeabi_errno_addr                       0x0800902d   Thumb Code     4  errno.o(i.__aeabi_errno_addr)
    __rt_errno_addr                          0x0800902d   Thumb Code     0  errno.o(i.__aeabi_errno_addr)
    __scatterload_copy                       0x08009035   Thumb Code    14  handlers.o(i.__scatterload_copy)
    __scatterload_null                       0x08009043   Thumb Code     2  handlers.o(i.__scatterload_null)
    __scatterload_zeroinit                   0x08009045   Thumb Code    14  handlers.o(i.__scatterload_zeroinit)
    puts                                     0x08009929   Thumb Code    30  puts.o(i.puts)
    __ctype_table                            0x0800994c   Data         129  ctype_o.o(.constdata)
    AHBPrescTable                            0x080099e8   Data          16  system_stm32f4xx.o(.rodata.AHBPrescTable)
    APBPrescTable                            0x080099f8   Data           8  system_stm32f4xx.o(.rodata.APBPrescTable)
    EventGroups_Car_attributes               0x08009a00   Data          16  freertos.o(.rodata.EventGroups_Car_attributes)
    Mutex_Print_attributes                   0x08009a10   Data          16  freertos.o(.rodata.Mutex_Print_attributes)
    Queue_HandleCalculate_attributes         0x08009a20   Data          24  freertos.o(.rodata.Queue_HandleCalculate_attributes)
    Queue_HandleStraight_attributes          0x08009a38   Data          24  freertos.o(.rodata.Queue_HandleStraight_attributes)
    Queue_Motor_attributes                   0x08009a50   Data          24  freertos.o(.rodata.Queue_Motor_attributes)
    Queue_Status_attributes                  0x08009a68   Data          24  freertos.o(.rodata.Queue_Status_attributes)
    Task_BlueTooth_attributes                0x08009a80   Data          36  freertos.o(.rodata.Task_BlueTooth_attributes)
    Task_HandleMove_attributes               0x08009aa4   Data          36  freertos.o(.rodata.Task_HandleMove_attributes)
    Task_Key_attributes                      0x08009ac8   Data          36  freertos.o(.rodata.Task_Key_attributes)
    Task_Main_attributes                     0x08009aec   Data          36  freertos.o(.rodata.Task_Main_attributes)
    Task_MaixCAM_attributes                  0x08009b10   Data          36  freertos.o(.rodata.Task_MaixCAM_attributes)
    Task_MotorWhale_attributes               0x08009b34   Data          36  freertos.o(.rodata.Task_MotorWhale_attributes)
    Region$$Table$$Base                      0x0800a044   Number         0  anon$$obj.o(Region$$Table)
    Region$$Table$$Limit                     0x0800a064   Number         0  anon$$obj.o(Region$$Table)
    SHT$$INIT_ARRAY$$Base                    0x0800a064   Number         0  perf_counter.o(.init_array)
    SHT$$INIT_ARRAY$$Limit                   0x0800a068   Number         0  cpp_init.o(.init_array)
    __stdout                                 0x20000000   Data           4  stdout.o(.data)
    SystemCoreClock                          0x20000214   Data           4  system_stm32f4xx.o(.data.SystemCoreClock)
    chassis_Radius                           0x20000218   Data           4  bsp_can_2006.o(.data.chassis_Radius)
    uwTickFreq                               0x20000248   Data           1  stm32f4xx_hal.o(.data.uwTickFreq)
    uwTickPrio                               0x2000024c   Data           4  stm32f4xx_hal.o(.data.uwTickPrio)
    EventGroups_CarHandle                    0x20000280   Data           4  freertos.o(.bss.EventGroups_CarHandle)
    Mutex_PrintHandle                        0x2000038c   Data           4  freertos.o(.bss.Mutex_PrintHandle)
    Queue_HandleCalculateHandle              0x20000394   Data           4  freertos.o(.bss.Queue_HandleCalculateHandle)
    Queue_HandleStraightHandle               0x20000398   Data           4  freertos.o(.bss.Queue_HandleStraightHandle)
    Queue_MotorHandle                        0x2000039c   Data           4  freertos.o(.bss.Queue_MotorHandle)
    Queue_StatusHandle                       0x200003a0   Data           4  freertos.o(.bss.Queue_StatusHandle)
    Rx1Data                                  0x200003a4   Data           8  bsp_can_2006.o(.bss.Rx1Data)
    Rx1Message                               0x200003ac   Data          28  bsp_can_2006.o(.bss.Rx1Message)
    Task_BlueToothHandle                     0x20000504   Data           4  freertos.o(.bss.Task_BlueToothHandle)
    Task_HandleMoveHandle                    0x20000508   Data           4  freertos.o(.bss.Task_HandleMoveHandle)
    Task_KeyHandle                           0x2000050c   Data           4  freertos.o(.bss.Task_KeyHandle)
    Task_MainHandle                          0x20000510   Data           4  freertos.o(.bss.Task_MainHandle)
    Task_MaixCAMHandle                       0x20000514   Data           4  freertos.o(.bss.Task_MaixCAMHandle)
    Task_MotorWhaleHandle                    0x20000518   Data           4  freertos.o(.bss.Task_MotorWhaleHandle)
    Weak_mode                                0x2000051c   Data           4  bsp_can_2006.o(.bss.Weak_mode)
    distance_big_dia                         0x20000528   Data           4  bsp_can_2006.o(.bss.distance_big_dia)
    distance_r                               0x2000052c   Data           4  bsp_can_2006.o(.bss.distance_r)
    g_lLastTimeStamp                         0x20000530   Data           8  perf_counter.o(.bss.g_lLastTimeStamp)
    g_nOffset                                0x20000538   Data           4  perf_counter.o(.bss.g_nOffset)
    gyro_z                                   0x2000053c   Data           4  bsp_hwt101.o(.bss.gyro_z)
    hcan1                                    0x20000540   Data          40  can.o(.bss.hcan1)
    hcan2                                    0x20000568   Data          40  can.o(.bss.hcan2)
    hdma_uart4_rx                            0x20000590   Data          96  usart.o(.bss.hdma_uart4_rx)
    hdma_uart4_tx                            0x200005f0   Data          96  usart.o(.bss.hdma_uart4_tx)
    hdma_uart5_rx                            0x20000650   Data          96  usart.o(.bss.hdma_uart5_rx)
    hdma_uart5_tx                            0x200006b0   Data          96  usart.o(.bss.hdma_uart5_tx)
    hdma_usart1_rx                           0x20000710   Data          96  usart.o(.bss.hdma_usart1_rx)
    hdma_usart1_tx                           0x20000770   Data          96  usart.o(.bss.hdma_usart1_tx)
    hdma_usart2_rx                           0x200007d0   Data          96  usart.o(.bss.hdma_usart2_rx)
    hdma_usart2_tx                           0x20000830   Data          96  usart.o(.bss.hdma_usart2_tx)
    hdma_usart3_rx                           0x20000890   Data          96  usart.o(.bss.hdma_usart3_rx)
    hdma_usart3_tx                           0x200008f0   Data          96  usart.o(.bss.hdma_usart3_tx)
    htim4                                    0x20000950   Data          72  tim.o(.bss.htim4)
    htim7                                    0x20000998   Data          72  stm32f4xx_hal_timebase_tim.o(.bss.htim7)
    huart1                                   0x200009e0   Data          72  usart.o(.bss.huart1)
    huart2                                   0x20000a28   Data          72  usart.o(.bss.huart2)
    huart3                                   0x20000a70   Data          72  usart.o(.bss.huart3)
    huart4                                   0x20000ab8   Data          72  usart.o(.bss.huart4)
    huart5                                   0x20000b00   Data          72  usart.o(.bss.huart5)
    huart6                                   0x20000b48   Data          72  usart.o(.bss.huart6)
    moto_chassis                             0x20000b90   Data         144  bsp_can_2006.o(.bss.moto_chassis)
    motor_pid                                0x20000c20   Data         288  bsp_can_2006.o(.bss.motor_pid)
    pxCurrentTCB                             0x20000e34   Data           4  tasks.o(.bss.pxCurrentTCB)
    ringBuff_hwt101                          0x200012ac   Data         506  bsp_hwt101.o(.bss.ringBuff_hwt101)
    uwTick                                   0x20008c20   Data           4  stm32f4xx_hal.o(.bss.uwTick)
    wheel_rpm                                0x20009310   Data          16  bsp_can_2006.o(.bss.wheel_rpm)
    xQueueRegistry                           0x200093a8   Data          64  queue.o(.bss.xQueueRegistry)
    yaw0                                     0x2000942c   Data           4  bsp_can_2006.o(.bss.yaw0)
    __initial_sp                             0x20009830   Data           0  startup_stm32f407xx.o(STACK)



==============================================================================

Memory Map of the image

  Image Entry point : 0x08000189

  Load Region LR_IROM1 (Base: 0x08000000, Size: 0x0000a2c0, Max: 0x00080000, ABSOLUTE, COMPRESSED[0x0000a0c0])

    Execution Region ER_IROM1 (Exec base: 0x08000000, Load base: 0x08000000, Size: 0x0000a068, Max: 0x00080000, ABSOLUTE)

    Exec Addr    Load Addr    Size         Type   Attr      Idx    E Section Name        Object

    0x08000000   0x08000000   0x00000188   Data   RO            3    RESET               startup_stm32f407xx.o
    0x08000188   0x08000188   0x00000000   Code   RO         2414  * .ARM.Collect$$$$00000000  mc_w.l(entry.o)
    0x08000188   0x08000188   0x00000004   Code   RO         2721    .ARM.Collect$$$$00000001  mc_w.l(entry2.o)
    0x0800018c   0x0800018c   0x00000004   Code   RO         2724    .ARM.Collect$$$$00000004  mc_w.l(entry5.o)
    0x08000190   0x08000190   0x00000000   Code   RO         2726    .ARM.Collect$$$$00000008  mc_w.l(entry7b.o)
    0x08000190   0x08000190   0x00000004   Code   RO         2727    .ARM.Collect$$$$00000009  mc_w.l(entry8a.o)
    0x08000194   0x08000194   0x00000000   Code   RO         2728    .ARM.Collect$$$$0000000A  mc_w.l(entry8b.o)
    0x08000194   0x08000194   0x00000008   Code   RO         2729    .ARM.Collect$$$$0000000B  mc_w.l(entry9a.o)
    0x0800019c   0x0800019c   0x00000000   Code   RO         2731    .ARM.Collect$$$$0000000D  mc_w.l(entry10a.o)
    0x0800019c   0x0800019c   0x00000000   Code   RO         2733    .ARM.Collect$$$$0000000F  mc_w.l(entry11a.o)
    0x0800019c   0x0800019c   0x00000004   Code   RO         2722    .ARM.Collect$$$$00002712  mc_w.l(entry2.o)
    0x080001a0   0x080001a0   0x00000024   Code   RO            4    .text               startup_stm32f407xx.o
    0x080001c4   0x080001c4   0x0000001c   Code   RO         2409    .text               systick_wrapper_gnu.o
    0x080001e0   0x080001e0   0x00000062   Code   RO         2421    .text               mc_w.l(uldiv.o)
    0x08000242   0x08000242   0x00000062   Code   RO         2423    .text               mc_w.l(ldiv.o)
    0x080002a4   0x080002a4   0x00000024   Code   RO         2425    .text               mc_w.l(memcpya.o)
    0x080002c8   0x080002c8   0x00000024   Code   RO         2427    .text               mc_w.l(memseta.o)
    0x080002ec   0x080002ec   0x0000000e   Code   RO         2429    .text               mc_w.l(strlen.o)
    0x080002fa   0x080002fa   0x0000001e   Code   RO         2431    .text               mc_w.l(strncmp.o)
    0x08000318   0x08000318   0x0000001a   Code   RO         2696    .text               mc_w.l(atoi.o)
    0x08000332   0x08000332   0x00000002   PAD
    0x08000334   0x08000334   0x00000028   Code   RO         2701    .text               mc_w.l(cpp_init.o)
    0x0800035c   0x0800035c   0x0000014e   Code   RO         2703    .text               mf_w.l(dadd.o)
    0x080004aa   0x080004aa   0x000000e4   Code   RO         2705    .text               mf_w.l(dmul.o)
    0x0800058e   0x0800058e   0x000000de   Code   RO         2707    .text               mf_w.l(ddiv.o)
    0x0800066c   0x0800066c   0x00000022   Code   RO         2711    .text               mf_w.l(dflti.o)
    0x0800068e   0x0800068e   0x0000003e   Code   RO         2715    .text               mf_w.l(dfixi.o)
    0x080006cc   0x080006cc   0x00000038   Code   RO         2719    .text               mf_w.l(d2f.o)
    0x08000704   0x08000704   0x0000002c   Code   RO         2745    .text               mc_w.l(uidiv.o)
    0x08000730   0x08000730   0x0000001e   Code   RO         2747    .text               mc_w.l(llshl.o)
    0x0800074e   0x0800074e   0x00000020   Code   RO         2749    .text               mc_w.l(llushr.o)
    0x0800076e   0x0800076e   0x00000024   Code   RO         2751    .text               mc_w.l(llsshr.o)
    0x08000792   0x08000792   0x00000070   Code   RO         2760    .text               mc_w.l(strtol.o)
    0x08000802   0x08000802   0x00000000   Code   RO         2762    .text               mc_w.l(iusefp.o)
    0x08000802   0x08000802   0x0000006e   Code   RO         2767    .text               mf_w.l(fepilogue.o)
    0x08000870   0x08000870   0x000000ba   Code   RO         2769    .text               mf_w.l(depilogue.o)
    0x0800092a   0x0800092a   0x00000030   Code   RO         2771    .text               mf_w.l(dfixul.o)
    0x0800095a   0x0800095a   0x00000002   PAD
    0x0800095c   0x0800095c   0x00000030   Code   RO         2773    .text               mf_w.l(cdrcmple.o)
    0x0800098c   0x0800098c   0x00000030   Code   RO         2775    .text               mc_w.l(init.o)
    0x080009bc   0x080009bc   0x00000008   Code   RO         2777    .text               mc_w.l(ctype_o.o)
    0x080009c4   0x080009c4   0x0000009e   Code   RO         2805    .text               mc_w.l(_strtoul.o)
    0x08000a62   0x08000a62   0x0000001c   Code   RO         2807    .text               mc_w.l(_chval.o)
    0x08000a7e   0x08000a7e   0x0000003a   Code   RO         2817    .text               mc_w.l(__dczerorl.o)
    0x08000ab8   0x08000ab8   0x0000000c   Code   RO          295    .text.APP_BLUETOOTH_Init  app_bluetooth.o
    0x08000ac4   0x08000ac4   0x0000029c   Code   RO          297    .text.APP_BLUETOOTH_Parse  app_bluetooth.o
    0x08000d60   0x08000d60   0x00000020   Code   RO          299    .text.APP_BLUETOOTH_Read  app_bluetooth.o
    0x08000d80   0x08000d80   0x00000032   Code   RO          399    .text.APP_HandleMove  app_handle.o
    0x08000db2   0x08000db2   0x000005f2   Code   RO          403    .text.APP_Handle_Place_All  app_handle.o
    0x080013a4   0x080013a4   0x0000002e   Code   RO          321    .text.APP_MAIXCAM_Cal  app_maixcam.o
    0x080013d2   0x080013d2   0x0000000c   Code   RO          313    .text.APP_MAIXCAM_Init  app_maixcam.o
    0x080013de   0x080013de   0x00000002   PAD
    0x080013e0   0x080013e0   0x00000310   Code   RO          315    .text.APP_MAIXCAM_Parse  app_maixcam.o
    0x080016f0   0x080016f0   0x00000038   Code   RO          319    .text.APP_MAIXCAM_SendAndRead  app_maixcam.o
    0x08001728   0x08001728   0x00000002   Code   RO          376    .text.APP_MOTOR_2006_Init  app_motor_2006.o
    0x0800172a   0x0800172a   0x00000006   PAD
    0x08001730   0x08001730   0x00000128   Code   RO          380    .text.APP_MOTOR_2006_WHALE_MovePID  app_motor_2006.o
    0x08001858   0x08001858   0x00000096   Code   RO          386    .text.APP_MOTOR_2006_WHALE_Status  app_motor_2006.o
    0x080018ee   0x080018ee   0x0000001e   Code   RO          362    .text.APP_MOTOR_ZDT_Init  app_motor_zdt.o
    0x0800190c   0x0800190c   0x00000020   Code   RO          364    .text.APP_MOTOR_ZDT_Move_P  app_motor_zdt.o
    0x0800192c   0x0800192c   0x00000004   Code   RO          366    .text.APP_MOTOR_ZDT_WaitAck  app_motor_zdt.o
    0x08001930   0x08001930   0x00000050   Code   RO          278    .text.APP_MainStatusChange  app_main.o
    0x08001980   0x08001980   0x000004c4   Code   RO          280    .text.APP_MainStatusRunning  app_main.o
    0x08001e44   0x08001e44   0x00000048   Code   RO          317    .text.APP_MaixCAMControl  app_maixcam.o
    0x08001e8c   0x08001e8c   0x00000124   Code   RO          378    .text.APP_Motor_2006_WhaleControl  app_motor_2006.o
    0x08001fb0   0x08001fb0   0x00000010   Code   RO          348    .text.APP_SERVO_Jaw  app_servo.o
    0x08001fc0   0x08001fc0   0x00000010   Code   RO          352    .text.APP_SERVO_Plate  app_servo.o
    0x08001fd0   0x08001fd0   0x00000010   Code   RO          350    .text.APP_SERVO_Wrist  app_servo.o
    0x08001fe0   0x08001fe0   0x00000002   Code   RO          252    .text.AppObjCreate  task_car.o
    0x08001fe2   0x08001fe2   0x00000002   PAD
    0x08001fe4   0x08001fe4   0x00000036   Code   RO          256    .text.AppTask_BlueTooth  task_car.o
    0x0800201a   0x0800201a   0x00000004   Code   RO          264    .text.AppTask_HandleMove  task_car.o
    0x0800201e   0x0800201e   0x00000002   PAD
    0x08002020   0x08002020   0x00000018   Code   RO          266    .text.AppTask_Key   task_car.o
    0x08002038   0x08002038   0x0000000a   Code   RO          254    .text.AppTask_Main  task_car.o
    0x08002042   0x08002042   0x00000004   Code   RO          258    .text.AppTask_MaixCAM  task_car.o
    0x08002046   0x08002046   0x00000004   Code   RO          260    .text.AppTask_MotorWhale  task_car.o
    0x0800204a   0x0800204a   0x00000002   PAD
    0x0800204c   0x0800204c   0x00000054   Code   RO          268    .text.App_Printf    task_car.o
    0x080020a0   0x080020a0   0x000000a8   Code   RO          470    .text.BLUETOOTH_ReadData  bsp_bluetooth.o
    0x08002148   0x08002148   0x00000002   Code   RO          175    .text.BusFault_Handler  stm32f4xx_it.o
    0x0800214a   0x0800214a   0x0000000c   Code   RO          195    .text.CAN1_RX0_IRQHandler  stm32f4xx_it.o
    0x08002156   0x08002156   0x00000002   PAD
    0x08002158   0x08002158   0x00000144   Code   RO          628    .text.CAN1_ReadMsg  bsp_can_2006.o
    0x0800229c   0x0800229c   0x0000000c   Code   RO          213    .text.CAN2_RX0_IRQHandler  stm32f4xx_it.o
    0x080022a8   0x080022a8   0x00000154   Code   RO          610    .text.CAN2_ReadMsg  bsp_can_zdt.o
    0x080023fc   0x080023fc   0x0000000c   Code   RO          181    .text.DMA1_Stream0_IRQHandler  stm32f4xx_it.o
    0x08002408   0x08002408   0x0000000c   Code   RO          183    .text.DMA1_Stream1_IRQHandler  stm32f4xx_it.o
    0x08002414   0x08002414   0x0000000c   Code   RO          185    .text.DMA1_Stream2_IRQHandler  stm32f4xx_it.o
    0x08002420   0x08002420   0x0000000c   Code   RO          187    .text.DMA1_Stream3_IRQHandler  stm32f4xx_it.o
    0x0800242c   0x0800242c   0x0000000c   Code   RO          189    .text.DMA1_Stream4_IRQHandler  stm32f4xx_it.o
    0x08002438   0x08002438   0x0000000c   Code   RO          191    .text.DMA1_Stream5_IRQHandler  stm32f4xx_it.o
    0x08002444   0x08002444   0x0000000c   Code   RO          193    .text.DMA1_Stream6_IRQHandler  stm32f4xx_it.o
    0x08002450   0x08002450   0x0000000c   Code   RO          203    .text.DMA1_Stream7_IRQHandler  stm32f4xx_it.o
    0x0800245c   0x0800245c   0x0000000c   Code   RO          211    .text.DMA2_Stream2_IRQHandler  stm32f4xx_it.o
    0x08002468   0x08002468   0x0000000c   Code   RO          215    .text.DMA2_Stream7_IRQHandler  stm32f4xx_it.o
    0x08002474   0x08002474   0x00000002   Code   RO          179    .text.DebugMon_Handler  stm32f4xx_it.o
    0x08002476   0x08002476   0x00000062   Code   RO          584    .text.Emm_V5_Pos_Control  bsp_emm_v5.o
    0x080024d8   0x080024d8   0x00000032   Code   RO          586    .text.Emm_V5_Stop_Now  bsp_emm_v5.o
    0x0800250a   0x0800250a   0x00000002   PAD
    0x0800250c   0x0800250c   0x00000006   Code   RO           15    .text.Error_Handler  main.o
    0x08002512   0x08002512   0x00000094   Code   RO         1076    .text.HAL_CAN_AddTxMessage  stm32f4xx_hal_can.o
    0x080025a6   0x080025a6   0x000000de   Code   RO         1066    .text.HAL_CAN_ConfigFilter  stm32f4xx_hal_can.o
    0x08002684   0x08002684   0x00000002   Code   RO         1120    .text.HAL_CAN_ErrorCallback  stm32f4xx_hal_can.o
    0x08002686   0x08002686   0x00000120   Code   RO         1086    .text.HAL_CAN_GetRxMessage  stm32f4xx_hal_can.o
    0x080027a6   0x080027a6   0x00000002   PAD
    0x080027a8   0x080027a8   0x00000200   Code   RO         1094    .text.HAL_CAN_IRQHandler  stm32f4xx_hal_can.o
    0x080029a8   0x080029a8   0x000000f0   Code   RO         1056    .text.HAL_CAN_Init  stm32f4xx_hal_can.o
    0x08002a98   0x08002a98   0x0000010c   Code   RO           88    .text.HAL_CAN_MspInit  can.o
    0x08002ba4   0x08002ba4   0x00000002   Code   RO         1108    .text.HAL_CAN_RxFifo0FullCallback  stm32f4xx_hal_can.o
    0x08002ba6   0x08002ba6   0x00000022   Code   RO          562    .text.HAL_CAN_RxFifo0MsgPendingCallback  bsp_can.o
    0x08002bc8   0x08002bc8   0x00000002   Code   RO         1112    .text.HAL_CAN_RxFifo1FullCallback  stm32f4xx_hal_can.o
    0x08002bca   0x08002bca   0x00000002   Code   RO         1114    .text.HAL_CAN_RxFifo1MsgPendingCallback  stm32f4xx_hal_can.o
    0x08002bcc   0x08002bcc   0x00000002   Code   RO         1116    .text.HAL_CAN_SleepCallback  stm32f4xx_hal_can.o
    0x08002bce   0x08002bce   0x00000002   PAD
    0x08002bd0   0x08002bd0   0x00000058   Code   RO         1068    .text.HAL_CAN_Start  stm32f4xx_hal_can.o
    0x08002c28   0x08002c28   0x00000002   Code   RO         1098    .text.HAL_CAN_TxMailbox0AbortCallback  stm32f4xx_hal_can.o
    0x08002c2a   0x08002c2a   0x00000002   Code   RO         1096    .text.HAL_CAN_TxMailbox0CompleteCallback  stm32f4xx_hal_can.o
    0x08002c2c   0x08002c2c   0x00000002   Code   RO         1102    .text.HAL_CAN_TxMailbox1AbortCallback  stm32f4xx_hal_can.o
    0x08002c2e   0x08002c2e   0x00000002   Code   RO         1100    .text.HAL_CAN_TxMailbox1CompleteCallback  stm32f4xx_hal_can.o
    0x08002c30   0x08002c30   0x00000002   Code   RO         1106    .text.HAL_CAN_TxMailbox2AbortCallback  stm32f4xx_hal_can.o
    0x08002c32   0x08002c32   0x00000002   Code   RO         1104    .text.HAL_CAN_TxMailbox2CompleteCallback  stm32f4xx_hal_can.o
    0x08002c34   0x08002c34   0x00000002   Code   RO         1118    .text.HAL_CAN_WakeUpFromRxMsgCallback  stm32f4xx_hal_can.o
    0x08002c36   0x08002c36   0x00000002   PAD
    0x08002c38   0x08002c38   0x00000080   Code   RO         1294    .text.HAL_DMA_Abort  stm32f4xx_hal_dma.o
    0x08002cb8   0x08002cb8   0x00000024   Code   RO         1296    .text.HAL_DMA_Abort_IT  stm32f4xx_hal_dma.o
    0x08002cdc   0x08002cdc   0x00000186   Code   RO         1300    .text.HAL_DMA_IRQHandler  stm32f4xx_hal_dma.o
    0x08002e62   0x08002e62   0x00000002   PAD
    0x08002e64   0x08002e64   0x00000148   Code   RO         1286    .text.HAL_DMA_Init  stm32f4xx_hal_dma.o
    0x08002fac   0x08002fac   0x000000a0   Code   RO         1292    .text.HAL_DMA_Start_IT  stm32f4xx_hal_dma.o
    0x0800304c   0x0800304c   0x00000028   Code   RO         1453    .text.HAL_Delay     stm32f4xx_hal.o
    0x08003074   0x08003074   0x00000198   Code   RO         1248    .text.HAL_GPIO_Init  stm32f4xx_hal_gpio.o
    0x0800320c   0x0800320c   0x0000000a   Code   RO         1252    .text.HAL_GPIO_ReadPin  stm32f4xx_hal_gpio.o
    0x08003216   0x08003216   0x0000000a   Code   RO         1254    .text.HAL_GPIO_WritePin  stm32f4xx_hal_gpio.o
    0x08003220   0x08003220   0x0000000c   Code   RO         1445    .text.HAL_GetTick   stm32f4xx_hal.o
    0x0800322c   0x0800322c   0x0000001a   Code   RO         1443    .text.HAL_IncTick   stm32f4xx_hal.o
    0x08003246   0x08003246   0x00000036   Code   RO         1433    .text.HAL_Init      stm32f4xx_hal.o
    0x0800327c   0x0800327c   0x000000b0   Code   RO          235    .text.HAL_InitTick  stm32f4xx_hal_timebase_tim.o
    0x0800332c   0x0800332c   0x00000042   Code   RO          226    .text.HAL_MspInit   stm32f4xx_hal_msp.o
    0x0800336e   0x0800336e   0x00000020   Code   RO         1385    .text.HAL_NVIC_EnableIRQ  stm32f4xx_hal_cortex.o
    0x0800338e   0x0800338e   0x00000056   Code   RO         1383    .text.HAL_NVIC_SetPriority  stm32f4xx_hal_cortex.o
    0x080033e4   0x080033e4   0x00000020   Code   RO         1381    .text.HAL_NVIC_SetPriorityGrouping  stm32f4xx_hal_cortex.o
    0x08003404   0x08003404   0x00000152   Code   RO         1140    .text.HAL_RCC_ClockConfig  stm32f4xx_hal_rcc.o
    0x08003556   0x08003556   0x0000003e   Code   RO         1158    .text.HAL_RCC_GetClockConfig  stm32f4xx_hal_rcc.o
    0x08003594   0x08003594   0x00000026   Code   RO         1152    .text.HAL_RCC_GetPCLK1Freq  stm32f4xx_hal_rcc.o
    0x080035ba   0x080035ba   0x00000026   Code   RO         1154    .text.HAL_RCC_GetPCLK2Freq  stm32f4xx_hal_rcc.o
    0x080035e0   0x080035e0   0x0000006a   Code   RO         1142    .text.HAL_RCC_GetSysClockFreq  stm32f4xx_hal_rcc.o
    0x0800364a   0x0800364a   0x00000002   PAD
    0x0800364c   0x0800364c   0x00000360   Code   RO         1138    .text.HAL_RCC_OscConfig  stm32f4xx_hal_rcc.o
    0x080039ac   0x080039ac   0x00000002   Code   RO         1042    .text.HAL_TIMEx_BreakCallback  stm32f4xx_hal_tim_ex.o
    0x080039ae   0x080039ae   0x00000002   Code   RO         1038    .text.HAL_TIMEx_CommutCallback  stm32f4xx_hal_tim_ex.o
    0x080039b0   0x080039b0   0x000000b2   Code   RO         1032    .text.HAL_TIMEx_MasterConfigSynchronization  stm32f4xx_hal_tim_ex.o
    0x08003a62   0x08003a62   0x00000058   Code   RO          731    .text.HAL_TIM_Base_Init  stm32f4xx_hal_tim.o
    0x08003aba   0x08003aba   0x00000034   Code   RO          116    .text.HAL_TIM_Base_MspInit  tim.o
    0x08003aee   0x08003aee   0x000000a0   Code   RO          745    .text.HAL_TIM_Base_Start_IT  stm32f4xx_hal_tim.o
    0x08003b8e   0x08003b8e   0x0000019a   Code   RO          917    .text.HAL_TIM_ConfigClockSource  stm32f4xx_hal_tim.o
    0x08003d28   0x08003d28   0x00000002   Code   RO          867    .text.HAL_TIM_IC_CaptureCallback  stm32f4xx_hal_tim.o
    0x08003d2a   0x08003d2a   0x00000144   Code   RO          865    .text.HAL_TIM_IRQHandler  stm32f4xx_hal_tim.o
    0x08003e6e   0x08003e6e   0x00000058   Code   RO          114    .text.HAL_TIM_MspPostInit  tim.o
    0x08003ec6   0x08003ec6   0x00000002   Code   RO          869    .text.HAL_TIM_OC_DelayElapsedCallback  stm32f4xx_hal_tim.o
    0x08003ec8   0x08003ec8   0x00000098   Code   RO          891    .text.HAL_TIM_PWM_ConfigChannel  stm32f4xx_hal_tim.o
    0x08003f60   0x08003f60   0x00000058   Code   RO          785    .text.HAL_TIM_PWM_Init  stm32f4xx_hal_tim.o
    0x08003fb8   0x08003fb8   0x00000002   Code   RO          787    .text.HAL_TIM_PWM_MspInit  stm32f4xx_hal_tim.o
    0x08003fba   0x08003fba   0x00000002   Code   RO          871    .text.HAL_TIM_PWM_PulseFinishedCallback  stm32f4xx_hal_tim.o
    0x08003fbc   0x08003fbc   0x000000fe   Code   RO          793    .text.HAL_TIM_PWM_Start  stm32f4xx_hal_tim.o
    0x080040ba   0x080040ba   0x00000014   Code   RO           17    .text.HAL_TIM_PeriodElapsedCallback  main.o
    0x080040ce   0x080040ce   0x00000002   Code   RO          875    .text.HAL_TIM_TriggerCallback  stm32f4xx_hal_tim.o
    0x080040d0   0x080040d0   0x00000058   Code   RO         1576    .text.HAL_UARTEx_ReceiveToIdle_DMA  stm32f4xx_hal_uart.o
    0x08004128   0x08004128   0x000000bc   Code   RO          443    .text.HAL_UARTEx_RxEventCallback  bsp_uart_dma.o
    0x080041e4   0x080041e4   0x00000002   Code   RO         1612    .text.HAL_UART_ErrorCallback  stm32f4xx_hal_uart.o
    0x080041e6   0x080041e6   0x00000002   PAD
    0x080041e8   0x080041e8   0x000002b8   Code   RO         1606    .text.HAL_UART_IRQHandler  stm32f4xx_hal_uart.o
    0x080044a0   0x080044a0   0x0000005e   Code   RO         1524    .text.HAL_UART_Init  stm32f4xx_hal_uart.o
    0x080044fe   0x080044fe   0x00000540   Code   RO          141    .text.HAL_UART_MspInit  usart.o
    0x08004a3e   0x08004a3e   0x00000002   Code   RO         1620    .text.HAL_UART_RxCpltCallback  stm32f4xx_hal_uart.o
    0x08004a40   0x08004a40   0x00000002   Code   RO         1622    .text.HAL_UART_RxHalfCpltCallback  stm32f4xx_hal_uart.o
    0x08004a42   0x08004a42   0x00000002   PAD
    0x08004a44   0x08004a44   0x000000aa   Code   RO         1540    .text.HAL_UART_Transmit  stm32f4xx_hal_uart.o
    0x08004aee   0x08004aee   0x00000002   PAD
    0x08004af0   0x08004af0   0x00000078   Code   RO         1552    .text.HAL_UART_Transmit_DMA  stm32f4xx_hal_uart.o
    0x08004b68   0x08004b68   0x00000002   Code   RO         1616    .text.HAL_UART_TxCpltCallback  stm32f4xx_hal_uart.o
    0x08004b6a   0x08004b6a   0x00000002   Code   RO         1618    .text.HAL_UART_TxHalfCpltCallback  stm32f4xx_hal_uart.o
    0x08004b6c   0x08004b6c   0x00000002   Code   RO          171    .text.HardFault_Handler  stm32f4xx_it.o
    0x08004b6e   0x08004b6e   0x00000002   PAD
    0x08004b70   0x08004b70   0x000000f2   Code   RO          488    .text.MAIXCAM_ReadData  bsp_maixcam.o
    0x08004c62   0x08004c62   0x00000002   PAD
    0x08004c64   0x08004c64   0x00000058   Code   RO          486    .text.MAIXCAM_SendCmd  bsp_maixcam.o
    0x08004cbc   0x08004cbc   0x0000003e   Code   RO           84    .text.MX_CAN1_Init  can.o
    0x08004cfa   0x08004cfa   0x00000044   Code   RO           86    .text.MX_CAN2_Init  can.o
    0x08004d3e   0x08004d3e   0x000000dc   Code   RO          103    .text.MX_DMA_Init   dma.o
    0x08004e1a   0x08004e1a   0x00000158   Code   RO           37    .text.MX_FREERTOS_Init  freertos.o
    0x08004f72   0x08004f72   0x000000e2   Code   RO           28    .text.MX_GPIO_Init  gpio.o
    0x08005054   0x08005054   0x000000fa   Code   RO          112    .text.MX_TIM4_Init  tim.o
    0x0800514e   0x0800514e   0x0000003a   Code   RO          129    .text.MX_UART4_Init  usart.o
    0x08005188   0x08005188   0x0000003a   Code   RO          131    .text.MX_UART5_Init  usart.o
    0x080051c2   0x080051c2   0x0000003a   Code   RO          133    .text.MX_USART1_UART_Init  usart.o
    0x080051fc   0x080051fc   0x0000003a   Code   RO          135    .text.MX_USART2_UART_Init  usart.o
    0x08005236   0x08005236   0x0000003a   Code   RO          137    .text.MX_USART3_UART_Init  usart.o
    0x08005270   0x08005270   0x0000003a   Code   RO          139    .text.MX_USART6_UART_Init  usart.o
    0x080052aa   0x080052aa   0x00000002   PAD
    0x080052ac   0x080052ac   0x00000002   Code   RO          173    .text.MemManage_Handler  stm32f4xx_it.o
    0x080052ae   0x080052ae   0x00000002   PAD
    0x080052b0   0x080052b0   0x000001e8   Code   RO          650    .text.Move_Transfrom  bsp_can_2006.o
    0x08005498   0x08005498   0x00000002   Code   RO          169    .text.NMI_Handler   stm32f4xx_it.o
    0x0800549a   0x0800549a   0x00000006   PAD
    0x080054a0   0x080054a0   0x00000064   Code   RO         2268    .text.PendSV_Handler  port.o
    0x08005504   0x08005504   0x000000b6   Code   RO          509    .text.QR_SendAndRead  bsp_qr.o
    0x080055ba   0x080055ba   0x00000002   PAD
    0x080055bc   0x080055bc   0x00000054   Code   RO          530    .text.SCREEN_Dispaly  bsp_screen.o
    0x08005610   0x08005610   0x00000022   Code   RO          548    .text.SERVO_Jaw     bsp_servo.o
    0x08005632   0x08005632   0x00000002   PAD
    0x08005634   0x08005634   0x0000002c   Code   RO          546    .text.SERVO_Plate   bsp_servo.o
    0x08005660   0x08005660   0x00000022   Code   RO          550    .text.SERVO_Wrist   bsp_servo.o
    0x08005682   0x08005682   0x0000000e   PAD
    0x08005690   0x08005690   0x00000024   Code   RO         2252    .text.SVC_Handler   port.o
    0x080056b4   0x080056b4   0x0000005a   Code   RO          426    .text.ScanKey       bsp_keyled.o
    0x0800570e   0x0800570e   0x00000072   Code   RO          323    .text.SendToAPP_MotorWhale  app_maixcam.o
    0x08005780   0x08005780   0x0000001e   Code   RO         2055    .text.SysTick_Handler  cmsis_os2.o
    0x0800579e   0x0800579e   0x00000002   PAD
    0x080057a0   0x080057a0   0x000000a6   Code   RO           13    .text.SystemClock_Config  main.o
    0x08005846   0x08005846   0x00000012   Code   RO         1650    .text.SystemInit    system_stm32f4xx.o
    0x08005858   0x08005858   0x0000000c   Code   RO          209    .text.TIM7_IRQHandler  stm32f4xx_it.o
    0x08005864   0x08005864   0x0000012c   Code   RO          735    .text.TIM_Base_SetConfig  stm32f4xx_hal_tim.o
    0x08005990   0x08005990   0x00000062   Code   RO          879    .text.TIM_OC1_SetConfig  stm32f4xx_hal_tim.o
    0x080059f2   0x080059f2   0x00000068   Code   RO          881    .text.TIM_OC2_SetConfig  stm32f4xx_hal_tim.o
    0x08005a5a   0x08005a5a   0x00000066   Code   RO          883    .text.TIM_OC3_SetConfig  stm32f4xx_hal_tim.o
    0x08005ac0   0x08005ac0   0x0000004e   Code   RO          885    .text.TIM_OC4_SetConfig  stm32f4xx_hal_tim.o
    0x08005b0e   0x08005b0e   0x0000000c   Code   RO          205    .text.UART4_IRQHandler  stm32f4xx_it.o
    0x08005b1a   0x08005b1a   0x0000000c   Code   RO          207    .text.UART5_IRQHandler  stm32f4xx_it.o
    0x08005b26   0x08005b26   0x0000000c   Code   RO         1610    .text.UART_DMAAbortOnError  stm32f4xx_hal_uart.o
    0x08005b32   0x08005b32   0x00000002   PAD
    0x08005b34   0x08005b34   0x00000064   Code   RO         1558    .text.UART_DMAError  stm32f4xx_hal_uart.o
    0x08005b98   0x08005b98   0x00000080   Code   RO         1638    .text.UART_DMAReceiveCplt  stm32f4xx_hal_uart.o
    0x08005c18   0x08005c18   0x00000018   Code   RO         1640    .text.UART_DMARxHalfCplt  stm32f4xx_hal_uart.o
    0x08005c30   0x08005c30   0x0000003e   Code   RO         1554    .text.UART_DMATransmitCplt  stm32f4xx_hal_uart.o
    0x08005c6e   0x08005c6e   0x00000006   Code   RO         1556    .text.UART_DMATxHalfCplt  stm32f4xx_hal_uart.o
    0x08005c74   0x08005c74   0x00000050   Code   RO         1570    .text.UART_EndRxTransfer  stm32f4xx_hal_uart.o
    0x08005cc4   0x08005cc4   0x000000c2   Code   RO         1608    .text.UART_Receive_IT  stm32f4xx_hal_uart.o
    0x08005d86   0x08005d86   0x000000de   Code   RO         1528    .text.UART_SetConfig  stm32f4xx_hal_uart.o
    0x08005e64   0x08005e64   0x00000096   Code   RO         1562    .text.UART_Start_Receive_DMA  stm32f4xx_hal_uart.o
    0x08005efa   0x08005efa   0x00000002   PAD
    0x08005efc   0x08005efc   0x0000007a   Code   RO         1542    .text.UART_WaitOnFlagUntilTimeout  stm32f4xx_hal_uart.o
    0x08005f76   0x08005f76   0x0000000c   Code   RO          197    .text.USART1_IRQHandler  stm32f4xx_it.o
    0x08005f82   0x08005f82   0x0000000c   Code   RO          199    .text.USART2_IRQHandler  stm32f4xx_it.o
    0x08005f8e   0x08005f8e   0x0000000c   Code   RO          201    .text.USART3_IRQHandler  stm32f4xx_it.o
    0x08005f9a   0x08005f9a   0x0000000c   Code   RO          217    .text.USART6_IRQHandler  stm32f4xx_it.o
    0x08005fa6   0x08005fa6   0x00000002   PAD
    0x08005fa8   0x08005fa8   0x00000002   Code   RO          177    .text.UsageFault_Handler  stm32f4xx_it.o
    0x08005faa   0x08005faa   0x00000010   Code   RO         2287    .text.__freertos_evr_on_task_switched_in  perf_os_patch_freertos.o
    0x08005fba   0x08005fba   0x00000010   Code   RO         2285    .text.__freertos_evr_on_task_switched_out  perf_os_patch_freertos.o
    0x08005fca   0x08005fca   0x00000002   PAD
    0x08005fcc   0x08005fcc   0x00000044   Code   RO         2359    .text.__on_context_switch_in  perf_counter.o
    0x08006010   0x08006010   0x0000006c   Code   RO         2361    .text.__on_context_switch_out  perf_counter.o
    0x0800607c   0x0800607c   0x00000006   Code   RO         2313    .text.__perf_counter_init  perf_counter.o
    0x08006082   0x08006082   0x00000002   Code   RO         2303    .text.__perf_os_patch_init  perf_counter.o
    0x08006084   0x08006084   0x00000016   Code   RO          250    .text.app_Init      task_car.o
    0x0800609a   0x0800609a   0x00000012   Code   RO          418    .text.bsp_Init      bsp.o
    0x080060ac   0x080060ac   0x0000000e   Code   RO          466    .text.bsp_InitBLUETOOTH  bsp_bluetooth.o
    0x080060ba   0x080060ba   0x00000072   Code   RO          560    .text.bsp_InitCAN   bsp_can.o
    0x0800612c   0x0800612c   0x0000000e   Code   RO          484    .text.bsp_InitMAIXCAM  bsp_maixcam.o
    0x0800613a   0x0800613a   0x0000002e   Code   RO          542    .text.bsp_InitServo  bsp_servo.o
    0x08006168   0x08006168   0x0000014a   Code   RO          435    .text.bsp_InitUart  bsp_uart_dma.o
    0x080062b2   0x080062b2   0x00000002   PAD
    0x080062b4   0x080062b4   0x00000128   Code   RO          606    .text.can_SendCmd   bsp_can_zdt.o
    0x080063dc   0x080063dc   0x00000020   Code   RO          608    .text.can_WaitAck   bsp_can_zdt.o
    0x080063fc   0x080063fc   0x00000044   Code   RO          439    .text.comGetChar    bsp_uart_dma.o
    0x08006440   0x08006440   0x0000001a   Code   RO          437    .text.comSendBuf    bsp_uart_dma.o
    0x0800645a   0x0800645a   0x00000002   PAD
    0x0800645c   0x0800645c   0x00000046   Code   RO          644    .text.delay_dis_diagnal  bsp_can_2006.o
    0x080064a2   0x080064a2   0x00000002   PAD
    0x080064a4   0x080064a4   0x00000046   Code   RO          646    .text.delay_distance  bsp_can_2006.o
    0x080064ea   0x080064ea   0x00000020   Code   RO          445    .text.fputc         bsp_uart_dma.o
    0x0800650a   0x0800650a   0x00000002   PAD
    0x0800650c   0x0800650c   0x00000070   Code   RO          630    .text.get_moto_measure  bsp_can_2006.o
    0x0800657c   0x0800657c   0x00000084   Code   RO         2307    .text.get_system_ticks  perf_counter.o
    0x08006600   0x08006600   0x00000054   Code   RO         2309    .text.init_cycle_counter  perf_counter.o
    0x08006654   0x08006654   0x00000060   Code   RO           11    .text.main          main.o
    0x080066b4   0x080066b4   0x00000024   Code   RO         2133    .text.osEventFlagsNew  cmsis_os2.o
    0x080066d8   0x080066d8   0x00000026   Code   RO         2057    .text.osKernelInitialize  cmsis_os2.o
    0x080066fe   0x080066fe   0x0000003a   Code   RO         2063    .text.osKernelStart  cmsis_os2.o
    0x08006738   0x08006738   0x0000006e   Code   RO         2165    .text.osMessageQueueNew  cmsis_os2.o
    0x080067a6   0x080067a6   0x00000046   Code   RO         2147    .text.osMutexAcquire  cmsis_os2.o
    0x080067ec   0x080067ec   0x00000070   Code   RO         2145    .text.osMutexNew    cmsis_os2.o
    0x0800685c   0x0800685c   0x0000003a   Code   RO         2149    .text.osMutexRelease  cmsis_os2.o
    0x08006896   0x08006896   0x00000094   Code   RO         2079    .text.osThreadNew   cmsis_os2.o
    0x0800692a   0x0800692a   0x00000010   Code   RO         2396    .text.perfc_port_clear_system_timer_ovf_pending  perfc_port_default.o
    0x0800693a   0x0800693a   0x00000018   Code   RO         2394    .text.perfc_port_get_system_timer_elapsed  perfc_port_default.o
    0x08006952   0x08006952   0x0000000c   Code   RO         2388    .text.perfc_port_get_system_timer_freq  perfc_port_default.o
    0x0800695e   0x0800695e   0x0000000e   Code   RO         2392    .text.perfc_port_get_system_timer_top  perfc_port_default.o
    0x0800696c   0x0800696c   0x00000028   Code   RO         2386    .text.perfc_port_init_system_timer  perfc_port_default.o
    0x08006994   0x08006994   0x000000b0   Code   RO         2299    .text.perfc_port_insert_to_system_timer_insert_ovf_handler  perf_counter.o
    0x08006a44   0x08006a44   0x00000010   Code   RO         2390    .text.perfc_port_is_system_timer_ovf_pending  perfc_port_default.o
    0x08006a54   0x08006a54   0x00000084   Code   RO         1867    .text.prvAddCurrentTaskToDelayedList  tasks.o
    0x08006ad8   0x08006ad8   0x00000118   Code   RO         1855    .text.prvAddNewTaskToReadyList  tasks.o
    0x08006bf0   0x08006bf0   0x0000007c   Code   RO         1996    .text.prvCheckForValidListAndQueue  timers.o
    0x08006c6c   0x08006c6c   0x00000078   Code   RO         1746    .text.prvCopyDataToQueue  queue.o
    0x08006ce4   0x08006ce4   0x00000036   Code   RO         1861    .text.prvDeleteTCB  tasks.o
    0x08006d1a   0x08006d1a   0x00000002   PAD
    0x08006d1c   0x08006d1c   0x0000006c   Code   RO         1891    .text.prvIdleTask   tasks.o
    0x08006d88   0x08006d88   0x00000092   Code   RO         1853    .text.prvInitialiseNewTask  tasks.o
    0x08006e1a   0x08006e1a   0x00000002   PAD
    0x08006e1c   0x08006e1c   0x00000052   Code   RO         2220    .text.prvInsertBlockIntoFreeList  heap_4.o
    0x08006e6e   0x08006e6e   0x00000040   Code   RO         2036    .text.prvInsertTimerInActiveList  timers.o
    0x08006eae   0x08006eae   0x00000002   PAD
    0x08006eb0   0x08006eb0   0x00000028   Code   RO         2260    .text.prvPortStartFirstTask  port.o
    0x08006ed8   0x08006ed8   0x000000b6   Code   RO         2034    .text.prvSampleTimeNow  timers.o
    0x08006f8e   0x08006f8e   0x00000002   PAD
    0x08006f90   0x08006f90   0x00000032   Code   RO         2250    .text.prvTaskExitError  port.o
    0x08006fc2   0x08006fc2   0x00000002   PAD
    0x08006fc4   0x08006fc4   0x000001f6   Code   RO         1998    .text.prvTimerTask  timers.o
    0x080071ba   0x080071ba   0x00000002   PAD
    0x080071bc   0x080071bc   0x00000072   Code   RO         1748    .text.prvUnlockQueue  queue.o
    0x0800722e   0x0800722e   0x00000002   PAD
    0x08007230   0x08007230   0x00000174   Code   RO         2218    .text.pvPortMalloc  heap_4.o
    0x080073a4   0x080073a4   0x00000018   Code   RO         1949    .text.pvTaskIncrementMutexHeldCount  tasks.o
    0x080073bc   0x080073bc   0x00000024   Code   RO         2248    .text.pxPortInitialiseStack  port.o
    0x080073e0   0x080073e0   0x00000018   Code   RO          658    .text.stop          bsp_can_2006.o
    0x080073f8   0x080073f8   0x0000006e   Code   RO         2305    .text.update_perf_counter  perf_counter.o
    0x08007466   0x08007466   0x00000022   Code   RO         1710    .text.uxListRemove  list.o
    0x08007488   0x08007488   0x0000001a   Code   RO         1947    .text.uxTaskResetEventItemValue  tasks.o
    0x080074a2   0x080074a2   0x0000001a   Code   RO         2201    .text.vApplicationGetIdleTaskMemory  cmsis_os2.o
    0x080074bc   0x080074bc   0x0000001c   Code   RO         2203    .text.vApplicationGetTimerTaskMemory  cmsis_os2.o
    0x080074d8   0x080074d8   0x00000016   Code   RO         1702    .text.vListInitialise  list.o
    0x080074ee   0x080074ee   0x00000006   Code   RO         1704    .text.vListInitialiseItem  list.o
    0x080074f4   0x080074f4   0x0000003a   Code   RO         1708    .text.vListInsert   list.o
    0x0800752e   0x0800752e   0x0000001a   Code   RO         1706    .text.vListInsertEnd  list.o
    0x08007548   0x08007548   0x00000014   Code   RO         2258    .text.vPortEnableVFP  port.o
    0x0800755c   0x0800755c   0x00000042   Code   RO         2264    .text.vPortEnterCritical  port.o
    0x0800759e   0x0800759e   0x00000002   PAD
    0x080075a0   0x080075a0   0x0000002e   Code   RO         2266    .text.vPortExitCritical  port.o
    0x080075ce   0x080075ce   0x00000002   PAD
    0x080075d0   0x080075d0   0x00000088   Code   RO         2222    .text.vPortFree     heap_4.o
    0x08007658   0x08007658   0x00000034   Code   RO         2256    .text.vPortSetupTimerInterrupt  port.o
    0x0800768c   0x0800768c   0x00000062   Code   RO         2272    .text.vPortValidateInterruptPriority  port.o
    0x080076ee   0x080076ee   0x00000002   PAD
    0x080076f0   0x080076f0   0x00000028   Code   RO         1782    .text.vQueueAddToRegistry  queue.o
    0x08007718   0x08007718   0x00000046   Code   RO         1786    .text.vQueueWaitForMessageRestricted  queue.o
    0x0800775e   0x0800775e   0x00000002   PAD
    0x08007760   0x08007760   0x0000004e   Code   RO         1871    .text.vTaskDelay    tasks.o
    0x080077ae   0x080077ae   0x0000001a   Code   RO         1923    .text.vTaskInternalSetTimeOutState  tasks.o
    0x080077c8   0x080077c8   0x0000000e   Code   RO         1927    .text.vTaskMissedYield  tasks.o
    0x080077d6   0x080077d6   0x00000002   PAD
    0x080077d8   0x080077d8   0x00000036   Code   RO         1911    .text.vTaskPlaceOnEventList  tasks.o
    0x0800780e   0x0800780e   0x00000002   PAD
    0x08007810   0x08007810   0x0000003e   Code   RO         1915    .text.vTaskPlaceOnEventListRestricted  tasks.o
    0x0800784e   0x0800784e   0x00000002   PAD
    0x08007850   0x08007850   0x0000005e   Code   RO         1913    .text.vTaskPlaceOnUnorderedEventList  tasks.o
    0x080078ae   0x080078ae   0x00000002   PAD
    0x080078b0   0x080078b0   0x000000a2   Code   RO         1945    .text.vTaskPriorityDisinheritAfterTimeout  tasks.o
    0x08007952   0x08007952   0x00000002   PAD
    0x08007954   0x08007954   0x00000096   Code   RO         1919    .text.vTaskRemoveFromUnorderedEventList  tasks.o
    0x080079ea   0x080079ea   0x00000002   PAD
    0x080079ec   0x080079ec   0x000000bc   Code   RO         1889    .text.vTaskStartScheduler  tasks.o
    0x08007aa8   0x08007aa8   0x00000010   Code   RO         1865    .text.vTaskSuspendAll  tasks.o
    0x08007ab8   0x08007ab8   0x0000009e   Code   RO         1883    .text.vTaskSwitchContext  tasks.o
    0x08007b56   0x08007b56   0x00000048   Code   RO          708    .text.writeRingBuff_hwt101  bsp_hwt101.o
    0x08007b9e   0x08007b9e   0x00000002   PAD
    0x08007ba0   0x08007ba0   0x00000048   Code   RO         1676    .text.xEventGroupClearBits  event_groups.o
    0x08007be8   0x08007be8   0x0000001c   Code   RO         1668    .text.xEventGroupCreate  event_groups.o
    0x08007c04   0x08007c04   0x0000004e   Code   RO         1666    .text.xEventGroupCreateStatic  event_groups.o
    0x08007c52   0x08007c52   0x00000002   PAD
    0x08007c54   0x08007c54   0x0000009a   Code   RO         1672    .text.xEventGroupSetBits  event_groups.o
    0x08007cee   0x08007cee   0x00000002   PAD
    0x08007cf0   0x08007cf0   0x00000126   Code   RO         1674    .text.xEventGroupWaitBits  event_groups.o
    0x08007e16   0x08007e16   0x00000002   PAD
    0x08007e18   0x08007e18   0x0000012a   Code   RO         2254    .text.xPortStartScheduler  port.o
    0x08007f42   0x08007f42   0x0000002e   Code   RO         2270    .text.xPortSysTickHandler  port.o
    0x08007f70   0x08007f70   0x00000028   Code   RO         1726    .text.xQueueCreateMutex  queue.o
    0x08007f98   0x08007f98   0x00000030   Code   RO         1728    .text.xQueueCreateMutexStatic  queue.o
    0x08007fc8   0x08007fc8   0x00000052   Code   RO         1724    .text.xQueueGenericCreate  queue.o
    0x0800801a   0x0800801a   0x00000002   PAD
    0x0800801c   0x0800801c   0x000000a6   Code   RO         1722    .text.xQueueGenericCreateStatic  queue.o
    0x080080c2   0x080080c2   0x00000002   PAD
    0x080080c4   0x080080c4   0x00000084   Code   RO         1720    .text.xQueueGenericReset  queue.o
    0x08008148   0x08008148   0x000001a6   Code   RO         1736    .text.xQueueGenericSend  queue.o
    0x080082ee   0x080082ee   0x00000002   PAD
    0x080082f0   0x080082f0   0x000000c8   Code   RO         1750    .text.xQueueGenericSendFromISR  queue.o
    0x080083b8   0x080083b8   0x0000003e   Code   RO         1734    .text.xQueueGiveMutexRecursive  queue.o
    0x080083f6   0x080083f6   0x00000002   PAD
    0x080083f8   0x080083f8   0x00000186   Code   RO         1754    .text.xQueueReceive  queue.o
    0x0800857e   0x0800857e   0x00000002   PAD
    0x08008580   0x08008580   0x000001b4   Code   RO         1740    .text.xQueueSemaphoreTake  queue.o
    0x08008734   0x08008734   0x0000003c   Code   RO         1738    .text.xQueueTakeMutexRecursive  queue.o
    0x08008770   0x08008770   0x00000088   Code   RO         1925    .text.xTaskCheckForTimeOut  tasks.o
    0x080087f8   0x080087f8   0x0000005a   Code   RO         1857    .text.xTaskCreate   tasks.o
    0x08008852   0x08008852   0x00000002   PAD
    0x08008854   0x08008854   0x00000076   Code   RO         1851    .text.xTaskCreateStatic  tasks.o
    0x080088ca   0x080088ca   0x00000002   PAD
    0x080088cc   0x080088cc   0x000000f2   Code   RO         1955    .text.xTaskGenericNotify  tasks.o
    0x080089be   0x080089be   0x0000000c   Code   RO         1937    .text.xTaskGetCurrentTaskHandle  tasks.o
    0x080089ca   0x080089ca   0x00000024   Code   RO         1939    .text.xTaskGetSchedulerState  tasks.o
    0x080089ee   0x080089ee   0x0000000c   Code   RO         1897    .text.xTaskGetTickCount  tasks.o
    0x080089fa   0x080089fa   0x00000002   PAD
    0x080089fc   0x080089fc   0x00000168   Code   RO         1895    .text.xTaskIncrementTick  tasks.o
    0x08008b64   0x08008b64   0x0000008e   Code   RO         1953    .text.xTaskNotifyWait  tasks.o
    0x08008bf2   0x08008bf2   0x00000002   PAD
    0x08008bf4   0x08008bf4   0x00000092   Code   RO         1943    .text.xTaskPriorityDisinherit  tasks.o
    0x08008c86   0x08008c86   0x0000008e   Code   RO         1941    .text.xTaskPriorityInherit  tasks.o
    0x08008d14   0x08008d14   0x0000008e   Code   RO         1917    .text.xTaskRemoveFromEventList  tasks.o
    0x08008da2   0x08008da2   0x00000002   PAD
    0x08008da4   0x08008da4   0x00000132   Code   RO         1869    .text.xTaskResumeAll  tasks.o
    0x08008ed6   0x08008ed6   0x00000002   PAD
    0x08008ed8   0x08008ed8   0x00000074   Code   RO         1994    .text.xTimerCreateTimerTask  timers.o
    0x08008f4c   0x08008f4c   0x00000064   Code   RO         2006    .text.xTimerGenericCommand  timers.o
    0x08008fb0   0x08008fb0   0x00000020   Code   RO         2668    i.__0printf         mc_w.l(printfa.o)
    0x08008fd0   0x08008fd0   0x00000028   Code   RO         2670    i.__0sprintf        mc_w.l(printfa.o)
    0x08008ff8   0x08008ff8   0x00000034   Code   RO         2673    i.__0vsnprintf      mc_w.l(printfa.o)
    0x0800902c   0x0800902c   0x00000008   Code   RO         2753    i.__aeabi_errno_addr  mc_w.l(errno.o)
    0x08009034   0x08009034   0x0000000e   Code   RO         2811    i.__scatterload_copy  mc_w.l(handlers.o)
    0x08009042   0x08009042   0x00000002   Code   RO         2812    i.__scatterload_null  mc_w.l(handlers.o)
    0x08009044   0x08009044   0x0000000e   Code   RO         2813    i.__scatterload_zeroinit  mc_w.l(handlers.o)
    0x08009052   0x08009052   0x00000002   PAD
    0x08009054   0x08009054   0x00000184   Code   RO         2675    i._fp_digits        mc_w.l(printfa.o)
    0x080091d8   0x080091d8   0x000006dc   Code   RO         2676    i._printf_core      mc_w.l(printfa.o)
    0x080098b4   0x080098b4   0x00000024   Code   RO         2677    i._printf_post_padding  mc_w.l(printfa.o)
    0x080098d8   0x080098d8   0x0000002e   Code   RO         2678    i._printf_pre_padding  mc_w.l(printfa.o)
    0x08009906   0x08009906   0x00000016   Code   RO         2679    i._snputc           mc_w.l(printfa.o)
    0x0800991c   0x0800991c   0x0000000a   Code   RO         2680    i._sputc            mc_w.l(printfa.o)
    0x08009926   0x08009926   0x00000002   PAD
    0x08009928   0x08009928   0x00000024   Code   RO         2417    i.puts              mc_w.l(puts.o)
    0x0800994c   0x0800994c   0x00000081   Data   RO         2778    .constdata          mc_w.l(ctype_o.o)
    0x080099cd   0x080099cd   0x00000003   PAD
    0x080099d0   0x080099d0   0x00000004   Data   RO         2779    .constdata          mc_w.l(ctype_o.o)
    0x080099d4   0x080099d4   0x00000014   Data   RO          457    .rodata..Lswitch.table.comClearRxFifo  bsp_uart_dma.o
    0x080099e8   0x080099e8   0x00000010   Data   RO         1655    .rodata.AHBPrescTable  system_stm32f4xx.o
    0x080099f8   0x080099f8   0x00000008   Data   RO         1656    .rodata.APBPrescTable  system_stm32f4xx.o
    0x08009a00   0x08009a00   0x00000010   Data   RO           63    .rodata.EventGroups_Car_attributes  freertos.o
    0x08009a10   0x08009a10   0x00000010   Data   RO           62    .rodata.Mutex_Print_attributes  freertos.o
    0x08009a20   0x08009a20   0x00000018   Data   RO           58    .rodata.Queue_HandleCalculate_attributes  freertos.o
    0x08009a38   0x08009a38   0x00000018   Data   RO           60    .rodata.Queue_HandleStraight_attributes  freertos.o
    0x08009a50   0x08009a50   0x00000018   Data   RO           59    .rodata.Queue_Motor_attributes  freertos.o
    0x08009a68   0x08009a68   0x00000018   Data   RO           61    .rodata.Queue_Status_attributes  freertos.o
    0x08009a80   0x08009a80   0x00000024   Data   RO           56    .rodata.Task_BlueTooth_attributes  freertos.o
    0x08009aa4   0x08009aa4   0x00000024   Data   RO           55    .rodata.Task_HandleMove_attributes  freertos.o
    0x08009ac8   0x08009ac8   0x00000024   Data   RO           53    .rodata.Task_Key_attributes  freertos.o
    0x08009aec   0x08009aec   0x00000024   Data   RO           52    .rodata.Task_Main_attributes  freertos.o
    0x08009b10   0x08009b10   0x00000024   Data   RO           54    .rodata.Task_MaixCAM_attributes  freertos.o
    0x08009b34   0x08009b34   0x00000024   Data   RO           57    .rodata.Task_MotorWhale_attributes  freertos.o
    0x08009b58   0x08009b58   0x00000020   Data   RO          409    .rodata.cst16       app_handle.o
    0x08009b78   0x08009b78   0x00000008   Data   RO         1310    .rodata.cst8        stm32f4xx_hal_dma.o
    0x08009b80   0x08009b80   0x000000af   Data   RO           51    .rodata.str1.1      freertos.o
    0x08009c2f   0x08009c2f   0x000002e4   Data   RO          286    .rodata.str1.1      app_main.o
    0x08009f13   0x08009f13   0x00000040   Data   RO          304    .rodata.str1.1      app_bluetooth.o
    0x08009f53   0x08009f53   0x0000003d   Data   RO          333    .rodata.str1.1      app_maixcam.o
    0x08009f90   0x08009f90   0x00000022   Data   RO          389    .rodata.str1.1      app_motor_2006.o
    0x08009fb2   0x08009fb2   0x00000010   Data   RO          408    .rodata.str1.1      app_handle.o
    0x08009fc2   0x08009fc2   0x0000005b   Data   RO          617    .rodata.str1.1      bsp_can_zdt.o
    0x0800a01d   0x0800a01d   0x00000025   Data   RO          675    .rodata.str1.1      bsp_can_2006.o
    0x0800a042   0x0800a042   0x00000002   PAD
    0x0800a044   0x0800a044   0x00000020   Data   RO         2810    Region$$Table       anon$$obj.o
    0x0800a064   0x0800a064   0x00000004   Data   RO         2377    .init_array         perf_counter.o
    0x0800a068   0x0800a064   0x00000000   Data   RO         2699    .init_array         mc_w.l(cpp_init.o)


    Execution Region RW_IRAM1 (Exec base: 0x20000000, Load base: 0x0800a068, Size: 0x00009830, Max: 0x0001c000, ABSOLUTE, COMPRESSED[0x00000058])

    Exec Addr    Load Addr    Size         Type   Attr      Idx    E Section Name        Object

    0x20000000   COMPRESSED   0x00000004   Data   RW         2735    .data               mc_w.l(stdout.o)
    0x20000004   COMPRESSED   0x00000004   Data   RW         2756    .data               mc_w.l(errno.o)
    0x20000008   COMPRESSED   0x00000004   Data   RW          303    .data.APP_BLUETOOTH_Parse.ptCarXYR  app_bluetooth.o
    0x2000000c   COMPRESSED   0x00000100   Data   RW          513    .data.QR_tx1_buf    bsp_qr.o
    0x2000010c   COMPRESSED   0x00000100   Data   RW          514    .data.QR_tx2_buf    bsp_qr.o
    0x2000020c   COMPRESSED   0x00000003   Data   RW          533    .data.SCREEN_Dispaly.screen_tx_end_buf  bsp_screen.o
    0x2000020f   COMPRESSED   0x00000001   PAD
    0x20000210   COMPRESSED   0x00000004   Data   RW          339    .data.SendToAPP_MotorWhale.ptCarXYR  app_maixcam.o
    0x20000214   COMPRESSED   0x00000004   Data   RW         1654    .data.SystemCoreClock  system_stm32f4xx.o
    0x20000218   COMPRESSED   0x00000004   Data   RW          679    .data.chassis_Radius  bsp_can_2006.o
    0x2000021c   COMPRESSED   0x0000000c   Data   RW          474    .data.s_tBLUETOOTHFrame  bsp_bluetooth.o
    0x20000228   COMPRESSED   0x0000000c   Data   RW          495    .data.s_tMaixCamFrame  bsp_maixcam.o
    0x20000234   COMPRESSED   0x0000000c   Data   RW          512    .data.s_tQRFrame    bsp_qr.o
    0x20000240   COMPRESSED   0x00000004   Data   RW         2371    .data.s_wMSUnit     perf_counter.o
    0x20000244   COMPRESSED   0x00000004   Data   RW         2374    .data.s_wUSUnit     perf_counter.o
    0x20000248   COMPRESSED   0x00000001   Data   RW         1488    .data.uwTickFreq    stm32f4xx_hal.o
    0x20000249   COMPRESSED   0x00000003   PAD
    0x2000024c   COMPRESSED   0x00000004   Data   RW         1487    .data.uwTickPrio    stm32f4xx_hal.o
    0x20000250   COMPRESSED   0x00000004   Data   RW         2276    .data.uxCriticalNesting  port.o
    0x20000254   COMPRESSED   0x00000004   PAD
    0x20000258        -       0x00000018   Zero   RW          302    .bss.APP_BLUETOOTH_Parse.s_tCarXYR  app_bluetooth.o
    0x20000270        -       0x00000001   Zero   RW          301    .bss.APP_BLUETOOTH_Parse.ucStatus  app_bluetooth.o
    0x20000271   COMPRESSED   0x00000003   PAD
    0x20000274        -       0x00000004   Zero   RW          407    .bss.APP_HandleMove.ptCarXYR  app_handle.o
    0x20000278        -       0x00000001   Zero   RW          390    .bss.APP_MOTOR_2006_WHALE_MovePID.flag  app_motor_2006.o
    0x20000279        -       0x00000001   Zero   RW          283    .bss.APP_MainStatusRunning.ucCycle  app_main.o
    0x2000027a        -       0x00000001   Zero   RW          285    .bss.APP_MainStatusRunning.ucSendFlag  app_main.o
    0x2000027b   COMPRESSED   0x00000001   PAD
    0x2000027c        -       0x00000004   Zero   RW          388    .bss.APP_Motor_2006_WhaleControl.ptCarXYR  app_motor_2006.o
    0x20000280        -       0x00000004   Zero   RW           75    .bss.EventGroups_CarHandle  freertos.o
    0x20000284        -       0x00000004   Zero   RW           94    .bss.HAL_RCC_CAN1_CLK_ENABLED  can.o
    0x20000288        -       0x00000004   Zero   RW         2205    .bss.KernelState    cmsis_os2.o
    0x2000028c        -       0x00000100   Zero   RW          493    .bss.MAIXCAM_SendCmd.maixcam_tx_buf  bsp_maixcam.o
    0x2000038c        -       0x00000004   Zero   RW           64    .bss.Mutex_PrintHandle  freertos.o
    0x20000390        -       0x00000001   Zero   RW          511    .bss.QR_SendAndRead.ucSendFlag  bsp_qr.o
    0x20000391   COMPRESSED   0x00000003   PAD
    0x20000394        -       0x00000004   Zero   RW           65    .bss.Queue_HandleCalculateHandle  freertos.o
    0x20000398        -       0x00000004   Zero   RW           67    .bss.Queue_HandleStraightHandle  freertos.o
    0x2000039c        -       0x00000004   Zero   RW           66    .bss.Queue_MotorHandle  freertos.o
    0x200003a0        -       0x00000004   Zero   RW           68    .bss.Queue_StatusHandle  freertos.o
    0x200003a4        -       0x00000008   Zero   RW          670    .bss.Rx1Data        bsp_can_2006.o
    0x200003ac        -       0x0000001c   Zero   RW          674    .bss.Rx1Message     bsp_can_2006.o
    0x200003c8        -       0x00000008   Zero   RW          616    .bss.RxData         bsp_can_zdt.o
    0x200003d0        -       0x0000001c   Zero   RW          615    .bss.RxHeader       bsp_can_zdt.o
    0x200003ec        -       0x00000100   Zero   RW          532    .bss.SCREEN_Dispaly.screen_tx_buf  bsp_screen.o
    0x200004ec        -       0x00000018   Zero   RW          338    .bss.SendToAPP_MotorWhale.s_tCarXYR  app_maixcam.o
    0x20000504        -       0x00000004   Zero   RW           73    .bss.Task_BlueToothHandle  freertos.o
    0x20000508        -       0x00000004   Zero   RW           72    .bss.Task_HandleMoveHandle  freertos.o
    0x2000050c        -       0x00000004   Zero   RW           70    .bss.Task_KeyHandle  freertos.o
    0x20000510        -       0x00000004   Zero   RW           69    .bss.Task_MainHandle  freertos.o
    0x20000514        -       0x00000004   Zero   RW           71    .bss.Task_MaixCAMHandle  freertos.o
    0x20000518        -       0x00000004   Zero   RW           74    .bss.Task_MotorWhaleHandle  freertos.o
    0x2000051c        -       0x00000004   Zero   RW          661    .bss.Weak_mode      bsp_can_2006.o
    0x20000520        -       0x00000001   Zero   RW          614    .bss.ackFlag        bsp_can_zdt.o
    0x20000521        -       0x00000001   Zero   RW          613    .bss.addr           bsp_can_zdt.o
    0x20000522   COMPRESSED   0x00000002   PAD
    0x20000524        -       0x00000004   Zero   RW          612    .bss.can_SendCmd.TxMailbox  bsp_can_zdt.o
    0x20000528        -       0x00000004   Zero   RW          664    .bss.distance_big_dia  bsp_can_2006.o
    0x2000052c        -       0x00000004   Zero   RW          662    .bss.distance_r     bsp_can_2006.o
    0x20000530        -       0x00000008   Zero   RW         2367    .bss.g_lLastTimeStamp  perf_counter.o
    0x20000538        -       0x00000004   Zero   RW         2368    .bss.g_nOffset      perf_counter.o
    0x2000053c        -       0x00000004   Zero   RW          722    .bss.gyro_z         bsp_hwt101.o
    0x20000540        -       0x00000028   Zero   RW           92    .bss.hcan1          can.o
    0x20000568        -       0x00000028   Zero   RW           93    .bss.hcan2          can.o
    0x20000590        -       0x00000060   Zero   RW          152    .bss.hdma_uart4_rx  usart.o
    0x200005f0        -       0x00000060   Zero   RW          151    .bss.hdma_uart4_tx  usart.o
    0x20000650        -       0x00000060   Zero   RW          154    .bss.hdma_uart5_rx  usart.o
    0x200006b0        -       0x00000060   Zero   RW          153    .bss.hdma_uart5_tx  usart.o
    0x20000710        -       0x00000060   Zero   RW          156    .bss.hdma_usart1_rx  usart.o
    0x20000770        -       0x00000060   Zero   RW          155    .bss.hdma_usart1_tx  usart.o
    0x200007d0        -       0x00000060   Zero   RW          158    .bss.hdma_usart2_rx  usart.o
    0x20000830        -       0x00000060   Zero   RW          157    .bss.hdma_usart2_tx  usart.o
    0x20000890        -       0x00000060   Zero   RW          160    .bss.hdma_usart3_rx  usart.o
    0x200008f0        -       0x00000060   Zero   RW          159    .bss.hdma_usart3_tx  usart.o
    0x20000950        -       0x00000048   Zero   RW          120    .bss.htim4          tim.o
    0x20000998        -       0x00000048   Zero   RW          241    .bss.htim7          stm32f4xx_hal_timebase_tim.o
    0x200009e0        -       0x00000048   Zero   RW          147    .bss.huart1         usart.o
    0x20000a28        -       0x00000048   Zero   RW          148    .bss.huart2         usart.o
    0x20000a70        -       0x00000048   Zero   RW          149    .bss.huart3         usart.o
    0x20000ab8        -       0x00000048   Zero   RW          145    .bss.huart4         usart.o
    0x20000b00        -       0x00000048   Zero   RW          146    .bss.huart5         usart.o
    0x20000b48        -       0x00000048   Zero   RW          150    .bss.huart6         usart.o
    0x20000b90        -       0x00000090   Zero   RW          669    .bss.moto_chassis   bsp_can_2006.o
    0x20000c20        -       0x00000120   Zero   RW          677    .bss.motor_pid      bsp_can_2006.o
    0x20000d40        -       0x000000a0   Zero   RW         2046    .bss.prvCheckForValidListAndQueue.ucStaticTimerQueueStorage  timers.o
    0x20000de0        -       0x00000050   Zero   RW         2045    .bss.prvCheckForValidListAndQueue.xStaticTimerQueue  timers.o
    0x20000e30        -       0x00000004   Zero   RW         2042    .bss.prvSampleTimeNow.xLastTime  timers.o
    0x20000e34        -       0x00000004   Zero   RW         1965    .bss.pxCurrentTCB   tasks.o
    0x20000e38        -       0x00000004   Zero   RW         2040    .bss.pxCurrentTimerList  timers.o
    0x20000e3c        -       0x00000004   Zero   RW         1973    .bss.pxDelayedTaskList  tasks.o
    0x20000e40        -       0x00000004   Zero   RW         2232    .bss.pxEnd          heap_4.o
    0x20000e44        -       0x00000004   Zero   RW         1974    .bss.pxOverflowDelayedTaskList  tasks.o
    0x20000e48        -       0x00000004   Zero   RW         2041    .bss.pxOverflowTimerList  timers.o
    0x20000e4c        -       0x00000460   Zero   RW         1976    .bss.pxReadyTasksLists  tasks.o
    0x200012ac        -       0x000001fa   Zero   RW          721    .bss.ringBuff_hwt101  bsp_hwt101.o
    0x200014a6   COMPRESSED   0x00000002   PAD
    0x200014a8        -       0x00000004   Zero   RW          472    .bss.s_BLUETOOTH_HandleFrame  bsp_bluetooth.o
    0x200014ac        -       0x00000004   Zero   RW          492    .bss.s_MAIXCAM_HandleFrame  bsp_maixcam.o
    0x200014b0        -       0x00000001   Zero   RW          325    .bss.s_MaixCAM_ID.0  app_maixcam.o
    0x200014b1        -       0x00000001   Zero   RW          326    .bss.s_MaixCAM_ID.1  app_maixcam.o
    0x200014b2        -       0x00000001   Zero   RW          327    .bss.s_MaixCAM_ID.2  app_maixcam.o
    0x200014b3        -       0x00000040   Zero   RW          449    .bss.s_RxBuf1       bsp_uart_dma.o
    0x200014f3        -       0x00000001   Zero   RW          450    .bss.s_RxBuf2       bsp_uart_dma.o
    0x200014f4        -       0x00000040   Zero   RW          452    .bss.s_RxBuf3       bsp_uart_dma.o
    0x20001534        -       0x00000040   Zero   RW          454    .bss.s_RxBuf4       bsp_uart_dma.o
    0x20001574        -       0x00000040   Zero   RW          456    .bss.s_RxBuf5       bsp_uart_dma.o
    0x200015b4   COMPRESSED   0x00000004   PAD
    0x200015b8        -       0x00000008   Zero   RW         2376    .bss.s_lOldTimestamp  perf_counter.o
    0x200015c0        -       0x00000008   Zero   RW         2369    .bss.s_lSystemClockCounts  perf_counter.o
    0x200015c8        -       0x00000008   Zero   RW         2372    .bss.s_lSystemMS    perf_counter.o
    0x200015d0        -       0x00000008   Zero   RW         2375    .bss.s_lSystemUS    perf_counter.o
    0x200015d8        -       0x00000001   Zero   RW          328    .bss.s_tMaixCAM_Data.0  app_maixcam.o
    0x200015d9   COMPRESSED   0x00000001   PAD
    0x200015da        -       0x00000001   Zero   RW          329    .bss.s_tMaixCAM_Data.1  app_maixcam.o
    0x200015db   COMPRESSED   0x00000001   PAD
    0x200015dc        -       0x00000001   Zero   RW          330    .bss.s_tMaixCAM_Data.2  app_maixcam.o
    0x200015dd   COMPRESSED   0x00000001   PAD
    0x200015de        -       0x00000002   Zero   RW          331    .bss.s_tMaixCAM_Data.5  app_maixcam.o
    0x200015e0        -       0x00000002   Zero   RW          332    .bss.s_tMaixCAM_Data.6  app_maixcam.o
    0x200015e2   COMPRESSED   0x00000002   PAD
    0x200015e4        -       0x00000010   Zero   RW          448    .bss.s_tUart1       bsp_uart_dma.o
    0x200015f4        -       0x00000010   Zero   RW          447    .bss.s_tUart2       bsp_uart_dma.o
    0x20001604        -       0x00000010   Zero   RW          451    .bss.s_tUart3       bsp_uart_dma.o
    0x20001614        -       0x00000010   Zero   RW          453    .bss.s_tUart4       bsp_uart_dma.o
    0x20001624        -       0x00000010   Zero   RW          455    .bss.s_tUart5       bsp_uart_dma.o
    0x20001634        -       0x00000040   Zero   RW          475    .bss.s_ucBLUETOOTHFrameData  bsp_bluetooth.o
    0x20001674        -       0x00000020   Zero   RW          496    .bss.s_ucMaixCamFrameData  bsp_maixcam.o
    0x20001694        -       0x00000040   Zero   RW          515    .bss.s_ucQRFrameData  bsp_qr.o
    0x200016d4        -       0x00000001   Zero   RW          473    .bss.s_ucState      bsp_bluetooth.o
    0x200016d5        -       0x00000001   Zero   RW          494    .bss.s_ucState      bsp_maixcam.o
    0x200016d6        -       0x00000001   Zero   RW          282    .bss.s_ucStatus     app_main.o
    0x200016d7   COMPRESSED   0x00000001   PAD
    0x200016d8        -       0x00000002   Zero   RW          334    .bss.s_usPresentX   app_maixcam.o
    0x200016da        -       0x00000002   Zero   RW          335    .bss.s_usPresentY   app_maixcam.o
    0x200016dc        -       0x00000002   Zero   RW          336    .bss.s_usPreviousX  app_maixcam.o
    0x200016de        -       0x00000002   Zero   RW          337    .bss.s_usPreviousY  app_maixcam.o
    0x200016e0        -       0x00000004   Zero   RW         2370    .bss.s_wMSResidule  perf_counter.o
    0x200016e4        -       0x00000004   Zero   RW         2373    .bss.s_wUSResidule  perf_counter.o
    0x200016e8        -       0x00007530   Zero   RW         2239    .bss.ucHeap         heap_4.o
    0x20008c18        -       0x00000001   Zero   RW         2274    .bss.ucMaxSysCallPriority  port.o
    0x20008c19   COMPRESSED   0x00000003   PAD
    0x20008c1c        -       0x00000004   Zero   RW         2275    .bss.ulMaxPRIGROUPValue  port.o
    0x20008c20        -       0x00000004   Zero   RW         1489    .bss.uwTick         stm32f4xx_hal.o
    0x20008c24        -       0x00000004   Zero   RW         1969    .bss.uxCurrentNumberOfTasks  tasks.o
    0x20008c28        -       0x00000004   Zero   RW         1968    .bss.uxDeletedTasksWaitingCleanUp  tasks.o
    0x20008c2c        -       0x00000004   Zero   RW         1971    .bss.uxSchedulerSuspended  tasks.o
    0x20008c30        -       0x00000004   Zero   RW         1966    .bss.uxTaskNumber   tasks.o
    0x20008c34        -       0x00000004   Zero   RW         1977    .bss.uxTopReadyPriority  tasks.o
    0x20008c38        -       0x00000200   Zero   RW         2207    .bss.vApplicationGetIdleTaskMemory.Idle_Stack  cmsis_os2.o
    0x20008e38        -       0x0000006c   Zero   RW         2206    .bss.vApplicationGetIdleTaskMemory.Idle_TCB  cmsis_os2.o
    0x20008ea4        -       0x00000400   Zero   RW         2209    .bss.vApplicationGetTimerTaskMemory.Timer_Stack  cmsis_os2.o
    0x200092a4        -       0x0000006c   Zero   RW         2208    .bss.vApplicationGetTimerTaskMemory.Timer_TCB  cmsis_os2.o
    0x20009310        -       0x00000010   Zero   RW          666    .bss.wheel_rpm      bsp_can_2006.o
    0x20009320        -       0x00000014   Zero   RW         2043    .bss.xActiveTimerList1  timers.o
    0x20009334        -       0x00000014   Zero   RW         2044    .bss.xActiveTimerList2  timers.o
    0x20009348        -       0x00000001   Zero   RW         2233    .bss.xBlockAllocatedBit  heap_4.o
    0x20009349   COMPRESSED   0x00000003   PAD
    0x2000934c        -       0x00000014   Zero   RW         1984    .bss.xDelayedTaskList1  tasks.o
    0x20009360        -       0x00000014   Zero   RW         1985    .bss.xDelayedTaskList2  tasks.o
    0x20009374        -       0x00000004   Zero   RW         2234    .bss.xFreeBytesRemaining  heap_4.o
    0x20009378        -       0x00000004   Zero   RW         1979    .bss.xIdleTaskHandle  tasks.o
    0x2000937c        -       0x00000004   Zero   RW         2236    .bss.xMinimumEverFreeBytesRemaining  heap_4.o
    0x20009380        -       0x00000004   Zero   RW         1980    .bss.xNextTaskUnblockTime  tasks.o
    0x20009384        -       0x00000004   Zero   RW         1983    .bss.xNumOfOverflows  tasks.o
    0x20009388        -       0x00000004   Zero   RW         2237    .bss.xNumberOfSuccessfulAllocations  heap_4.o
    0x2000938c        -       0x00000004   Zero   RW         2238    .bss.xNumberOfSuccessfulFrees  heap_4.o
    0x20009390        -       0x00000004   Zero   RW         1982    .bss.xPendedTicks   tasks.o
    0x20009394        -       0x00000014   Zero   RW         1978    .bss.xPendingReadyList  tasks.o
    0x200093a8        -       0x00000040   Zero   RW         1788    .bss.xQueueRegistry  queue.o
    0x200093e8        -       0x00000004   Zero   RW         1970    .bss.xSchedulerRunning  tasks.o
    0x200093ec        -       0x00000008   Zero   RW         2235    .bss.xStart         heap_4.o
    0x200093f4        -       0x00000014   Zero   RW         1975    .bss.xSuspendedTaskList  tasks.o
    0x20009408        -       0x00000014   Zero   RW         1967    .bss.xTasksWaitingTermination  tasks.o
    0x2000941c        -       0x00000004   Zero   RW         1972    .bss.xTickCount     tasks.o
    0x20009420        -       0x00000004   Zero   RW         2038    .bss.xTimerQueue    timers.o
    0x20009424        -       0x00000004   Zero   RW         2039    .bss.xTimerTaskHandle  timers.o
    0x20009428        -       0x00000004   Zero   RW         1981    .bss.xYieldPending  tasks.o
    0x2000942c        -       0x00000004   Zero   RW          660    .bss.yaw0           bsp_can_2006.o
    0x20009430        -       0x00000400   Zero   RW            1    STACK               startup_stm32f407xx.o


    Execution Region RW_IRAM2 (Exec base: 0x2001c000, Load base: 0x0800a0c0, Size: 0x00000000, Max: 0x00004000, ABSOLUTE)

    **** No section assigned to this execution region ****


==============================================================================

Image component sizes


      Code (inc. data)   RO Data    RW Data    ZI Data      Debug   Object Name

       712        196         64          4         25       3682   app_bluetooth.o
      1572          0         48          0          4       3911   app_handle.o
      1300        244        740          0          3       3586   app_main.o
      1084         56         61          4         42       5301   app_maixcam.o
       740        142         34          0          5       3352   app_motor_2006.o
        66          0          0          0          0       1649   app_motor_zdt.o
        48          0          0          0          0       1233   app_servo.o
        18          0          0          0          0        476   bsp.o
       182          0          0         12         69       2331   bsp_bluetooth.o
       148          0          0          0          0       3619   bsp_can.o
      1088        184         37          4        500      10764   bsp_can_2006.o
       668        144         91          0         42       2914   bsp_can_zdt.o
       148          0          0          0          0       8000   bsp_emm_v5.o
        72          0          0          0        510       3450   bsp_hwt101.o
        90          0          0          0          0       1552   bsp_keyled.o
       344         20          0         12        293       3072   bsp_maixcam.o
       182          0          0        524         65       2296   bsp_qr.o
        84         12          0          3        256       1846   bsp_screen.o
       158         12          0          0          0       2472   bsp_servo.o
       644          0         20          0        337       6920   bsp_uart_dma.o
       398          0          0          0         84       6888   can.o
       714          0          0          0       1756      41749   cmsis_os2.o
       220          0          0          0          0       3552   dma.o
       626          0          0          0          0       9758   event_groups.o
       344          0        519          0         48       5328   freertos.o
       226          0          0          0          0       2265   gpio.o
       590          0          0          0      30029       4917   heap_4.o
       146          0          0          0          0       2237   list.o
       288          8          0          0          0       6265   main.o
       686          0          4          8         52      14175   perf_counter.o
        32          0          0          0          0       3115   perf_os_patch_freertos.o
       122          0          0          0          0       3161   perfc_port_default.o
       888         16          0          4          5       4108   port.o
      2382          0          0          0         64      22948   queue.o
        36          8        392          0       1024        848   startup_stm32f407xx.o
       132          0          0          5          4       7332   stm32f4xx_hal.o
      1522          6          0          0          0      13271   stm32f4xx_hal_can.o
       150          0          0          0          0      10627   stm32f4xx_hal_cortex.o
      1042          4          8          0          0       9706   stm32f4xx_hal_dma.o
       428          0          0          0          0       5127   stm32f4xx_hal_gpio.o
        66          0          0          0          0       3565   stm32f4xx_hal_msp.o
      1446          0          0          0          0       7397   stm32f4xx_hal_rcc.o
      2168          4          0          0          0      50311   stm32f4xx_hal_tim.o
       182          0          0          0          0      20767   stm32f4xx_hal_tim_ex.o
       176          0          0          0         72       7251   stm32f4xx_hal_timebase_tim.o
      2278          0          0          0          0      25294   stm32f4xx_hal_uart.o
       240          0          0          0          0       8749   stm32f4xx_it.o
        18          0         24          4          0       2678   system_stm32f4xx.o
        28          8          0          0          0        536   systick_wrapper_gnu.o
       208          4          0          0          0       3272   task_car.o
      3656         14          0          0       1280      30568   tasks.o
       390          0          0          0         72       6230   tim.o
      1088         26          0          0        300      14837   timers.o
      1692          0          0          0       1392       9248   usart.o

    ----------------------------------------------------------------------
     34104       1108       2076        588      38364     440506   Object Totals
         0          0         32          0          0          0   (incl. Generated)
       148          0          2          4         31          0   (incl. Padding)

    ----------------------------------------------------------------------

      Code (inc. data)   RO Data    RW Data    ZI Data      Debug   Library Member Name

        58          0          0          0          0          0   __dczerorl.o
        28          0          0          0          0         68   _chval.o
       158          0          0          0          0         92   _strtoul.o
        26          0          0          0          0         80   atoi.o
        40          8          0          0          0         80   cpp_init.o
         8          4        133          0          0         68   ctype_o.o
         0          0          0          0          0          0   entry.o
         0          0          0          0          0          0   entry10a.o
         0          0          0          0          0          0   entry11a.o
         8          4          0          0          0          0   entry2.o
         4          0          0          0          0          0   entry5.o
         0          0          0          0          0          0   entry7b.o
         4          0          0          0          0          0   entry8a.o
         0          0          0          0          0          0   entry8b.o
         8          4          0          0          0          0   entry9a.o
         8          4          0          4          0         68   errno.o
        30          0          0          0          0          0   handlers.o
        48         10          0          0          0         68   init.o
         0          0          0          0          0          0   iusefp.o
        98          0          0          0          0         84   ldiv.o
        30          0          0          0          0         68   llshl.o
        36          0          0          0          0         68   llsshr.o
        32          0          0          0          0         68   llushr.o
        36          0          0          0          0         68   memcpya.o
        36          0          0          0          0        108   memseta.o
      2382        102          0          0          0        752   printfa.o
        36          6          0          0          0         80   puts.o
         0          0          0          4          0          0   stdout.o
        14          0          0          0          0         68   strlen.o
        30          0          0          0          0         80   strncmp.o
       112          0          0          0          0         88   strtol.o
        44          0          0          0          0         80   uidiv.o
        98          0          0          0          0         92   uldiv.o
        48          0          0          0          0         68   cdrcmple.o
        56          0          0          0          0         88   d2f.o
       334          0          0          0          0        148   dadd.o
       222          0          0          0          0        100   ddiv.o
       186          0          0          0          0        176   depilogue.o
        62          0          0          0          0         80   dfixi.o
        48          0          0          0          0         68   dfixul.o
        34          0          0          0          0         76   dflti.o
       228          0          0          0          0         96   dmul.o
       110          0          0          0          0        168   fepilogue.o

    ----------------------------------------------------------------------
      4748        142        136          8          0       3296   Library Totals
         8          0          3          0          0          0   (incl. Padding)

    ----------------------------------------------------------------------

      Code (inc. data)   RO Data    RW Data    ZI Data      Debug   Library Name

      3412        142        133          8          0       2228   mc_w.l
      1328          0          0          0          0       1068   mf_w.l

    ----------------------------------------------------------------------
      4748        142        136          8          0       3296   Library Totals

    ----------------------------------------------------------------------

==============================================================================


      Code (inc. data)   RO Data    RW Data    ZI Data      Debug   

     38852       1250       2212        596      38364     441298   Grand Totals
     38852       1250       2212         88      38364     441298   ELF Image Totals (compressed)
     38852       1250       2212         88          0          0   ROM Totals

==============================================================================

    Total RO  Size (Code + RO Data)                41064 (  40.10kB)
    Total RW  Size (RW Data + ZI Data)             38960 (  38.05kB)
    Total ROM Size (Code + RO Data + RW Data)      41152 (  40.19kB)

==============================================================================

