<html>
<body>
<pre>
<h1>µVision Build Log</h1>
<h2>Tool Versions:</h2>
IDE-Version: ¦ÌVision V5.41.0.0
Copyright (C) 2024 ARM Ltd and ARM Germany GmbH. All rights reserved.
License Information: 11 Huawei, 1, LIC=SDA0P-MSF9L-LQH0Q-NQ9SD-A5NIK-U1TBL
 
Tool Versions:
Toolchain:       MDK-ARM Plus  Version: 5.41.0.0
Toolchain Path:  C:\Users\Huawei\AppData\Local\Keil_v5\ARM\ARMCLANG\Bin
C Compiler:      ArmClang.exe V6.22
Assembler:       Armasm.exe V6.22
Linker/Locator:  ArmLink.exe V6.22
Library Manager: ArmAr.exe V6.22
Hex Converter:   FromElf.exe V6.22
CPU DLL:         SARMCM3.DLL V5.41.0.0
Dialog DLL:      DCM.DLL V1.17.5.0
Target DLL:      CMSIS_AGDI.dll V1.33.21.0
Dialog DLL:      TCM.DLL V1.56.4.0
 
<h2>Project:</h2>
C:\Users\Huawei\Desktop\´úÂë´æ´¢\0404_F407VET6\0404_F407VET6\MDK-ARM\0404_F407VET6.uvprojx
Project File Date:  04/04/2025

<h2>Output:</h2>
*** Using Compiler 'V6.22', folder: 'C:\Users\Huawei\AppData\Local\Keil_v5\ARM\ARMCLANG\Bin'
Rebuild target '0404_F407VET6'
compiling stm32f4xx_hal_msp.c...
compiling app_main.c...
compiling task_car.c...
compiling stm32f4xx_hal_timebase_tim.c...
compiling freertos.c...
assembling startup_stm32f407xx.s...
compiling dma.c...
compiling gpio.c...
compiling stm32f4xx_it.c...
compiling tim.c...
compiling app_bluetooth.c...
compiling main.c...
compiling can.c...
compiling app_maixcam.c...
compiling usart.c...
compiling app_hwt101.c...
compiling app_motor_zdt.c...
compiling app_servo.c...
compiling bsp.c...
compiling app_chassis_behaviour.c...
compiling app_handle.c...
compiling bsp_keyled.c...
compiling bsp_hwt101.c...
compiling bsp_maixcam.c...
compiling bsp_qr.c...
compiling bsp_bluetooth.c...
compiling app_chassis.c...
compiling bsp_screen.c...
compiling bsp_servo.c...
compiling bsp_uart_dma.c...
compiling bsp_can.c...
compiling bsp_can_2006.c...
compiling bsp_can_zdt.c...
compiling bsp_pid.c...
compiling bsp_user_lib.c...
compiling stm32f4xx_hal_rcc_ex.c...
compiling stm32f4xx_hal_rcc.c...
compiling stm32f4xx_hal_can.c...
compiling stm32f4xx_hal_tim_ex.c...
compiling stm32f4xx_hal_flash_ex.c...
compiling stm32f4xx_hal_flash_ramfunc.c...
compiling stm32f4xx_hal_flash.c...
compiling stm32f4xx_hal_pwr_ex.c...
compiling stm32f4xx_hal_pwr.c...
compiling stm32f4xx_hal_dma.c...
compiling stm32f4xx_hal_dma_ex.c...
compiling stm32f4xx_hal_gpio.c...
compiling stm32f4xx_hal_cortex.c...
compiling stm32f4xx_hal.c...
compiling stm32f4xx_hal_tim.c...
compiling croutine.c...
compiling system_stm32f4xx.c...
compiling stm32f4xx_hal_exti.c...
compiling list.c...
compiling event_groups.c...
compiling stream_buffer.c...
compiling queue.c...
compiling stm32f4xx_hal_uart.c...
compiling timers.c...
compiling BayesFunctions.c...
compiling heap_4.c...
compiling port.c...
compiling BasicMathFunctionsF16.c...
compiling BayesFunctionsF16.c...
compiling tasks.c...
compiling BasicMathFunctions.c...
compiling ControllerFunctions.c...
compiling cmsis_os2.c...
compiling CommonTablesF16.c...
compiling ComplexMathFunctions.c...
compiling DistanceFunctionsF16.c...
compiling ComplexMathFunctionsF16.c...
compiling FastMathFunctionsF16.c...
compiling DistanceFunctions.c...
compiling FastMathFunctions.c...
compiling InterpolationFunctionsF16.c...
compiling FilteringFunctionsF16.c...
compiling InterpolationFunctions.c...
compiling QuaternionMathFunctions.c...
compiling SVMFunctions.c...
compiling SVMFunctionsF16.c...
compiling MatrixFunctionsF16.c...
compiling StatisticsFunctionsF16.c...
compiling SupportFunctionsF16.c...
compiling perf_os_patch_freertos.c...
compiling CommonTables.c...
assembling systick_wrapper_gnu.s...
compiling SupportFunctions.c...
compiling perfc_port_default.c...
compiling perf_counter.c...
compiling WindowFunctions.c...
compiling StatisticsFunctions.c...
compiling TransformFunctionsF16.c...
compiling MatrixFunctions.c...
compiling TransformFunctions.c...
compiling FilteringFunctions.c...
linking...
Program Size: Code=47556 RO-data=2720 RW-data=756 ZI-data=44020  
FromELF: creating hex file...
".\0404_F407VET6\0404_F407VET6.axf" - 0 Error(s), 0 Warning(s).

<h2>Software Packages used:</h2>

Package Vendor: ARM
                https://www.keil.com/pack/ARM.CMSIS.6.1.0.pack
                ARM::CMSIS@6.1.0
                CMSIS (Common Microcontroller Software Interface Standard)
   * Component: CORE Version: 6.1.0

Package Vendor: ARM
                https://www.keil.com/pack/ARM.CMSIS-DSP.1.16.2.pack
                ARM::CMSIS-DSP@1.16.2
                CMSIS Embedded Compute Library
   * Component: DSP Variant: Source Version: 1.16.2

Package Vendor: GorgonMeducer
                https://raw.githubusercontent.com/GorgonMeducer/perf_counter/CMSIS-Pack/cmsis-pack/GorgonMeducer.perf_counter.2.3.3.pack
                GorgonMeducer::perf_counter@2.3.3
                A dedicated performance counter for the Cortex-M Systick. It shares the SysTick with users' original SysTick function without interfering with it. This library will bring new functionalities, such as performance counter, APIs for delay, clock() defined in time.h etc.
   * Component: Core Variant: Source Version: 2.3.3
   * Component: FreeRTOS Patch Version: 2.3.3

Package Vendor: Keil
                https://www.keil.com/pack/Keil.STM32F4xx_DFP.3.0.0.pack
                Keil::STM32F4xx_DFP@3.0.0
                STMicroelectronics STM32F4 Series Device Support

<h2>Collection of Component include folders:</h2>
  ./RTE/_0404_F407VET6
  C:/Users/Huawei/AppData/Local/Arm/Packs/ARM/CMSIS-DSP/1.16.2/Include
  C:/Users/Huawei/AppData/Local/Arm/Packs/ARM/CMSIS-DSP/1.16.2/PrivateInclude
  C:/Users/Huawei/AppData/Local/Arm/Packs/ARM/CMSIS/6.1.0/CMSIS/Core/Include
  C:/Users/Huawei/AppData/Local/Arm/Packs/GorgonMeducer/perf_counter/2.3.3

<h2>Collection of Component Files used:</h2>

   * Component: ARM::CMSIS:CORE@6.1.0
      Include file:  CMSIS/Core/Include/tz_context.h

   * Component: ARM::CMSIS:DSP&Source@1.16.2
      Source file:   Source/ComplexMathFunctions/ComplexMathFunctions.c
      Include file:  Include/arm_const_structs.h
      Source file:   Source/BayesFunctions/BayesFunctions.c
      Source file:   Source/DistanceFunctions/DistanceFunctions.c
      Source file:   Source/MatrixFunctions/MatrixFunctions.c
      Source file:   Source/WindowFunctions/WindowFunctions.c
      Source file:   Source/BasicMathFunctions/BasicMathFunctionsF16.c
      Source file:   Source/QuaternionMathFunctions/QuaternionMathFunctions.c
      Source file:   Source/FilteringFunctions/FilteringFunctionsF16.c
      Source file:   Source/CommonTables/CommonTablesF16.c
      Source file:   Source/FastMathFunctions/FastMathFunctions.c
      Source file:   Source/ControllerFunctions/ControllerFunctions.c
      Source file:   Source/TransformFunctions/TransformFunctionsF16.c
      Source file:   Source/ComplexMathFunctions/ComplexMathFunctionsF16.c
      Include file:  Include/arm_const_structs_f16.h
      Source file:   Source/CommonTables/CommonTables.c
      Source file:   Source/MatrixFunctions/MatrixFunctionsF16.c
      Source file:   Source/FilteringFunctions/FilteringFunctions.c
      Include file:  Include/arm_common_tables_f16.h
      Source file:   Source/SVMFunctions/SVMFunctions.c
      Include file:  Include/arm_math.h
      Source file:   Source/BasicMathFunctions/BasicMathFunctions.c
      Include file:  Include/arm_math_f16.h
      Include file:  Include/arm_common_tables.h
      Source file:   Source/SupportFunctions/SupportFunctions.c
      Source file:   Source/InterpolationFunctions/InterpolationFunctions.c
      Source file:   Source/StatisticsFunctions/StatisticsFunctions.c
      Source file:   Source/TransformFunctions/TransformFunctions.c
      Source file:   Source/StatisticsFunctions/StatisticsFunctionsF16.c
      Source file:   Source/BayesFunctions/BayesFunctionsF16.c
      Source file:   Source/InterpolationFunctions/InterpolationFunctionsF16.c
      Source file:   Source/DistanceFunctions/DistanceFunctionsF16.c
      Source file:   Source/FastMathFunctions/FastMathFunctionsF16.c
      Source file:   Source/SVMFunctions/SVMFunctionsF16.c
      Source file:   Source/SupportFunctions/SupportFunctionsF16.c

   * Component: GorgonMeducer::Utilities:perf_counter:Core&Source@2.3.3
      Include file:  perf_counter.h
      Source file:   perf_counter.c
      Source file:   perfc_port_default.c
      Source file:   systick_wrapper_gnu.s

   * Component: GorgonMeducer::Utilities:perf_counter:FreeRTOS Patch@2.3.3
      Source file:   os/perf_os_patch_freertos.c
Build Time Elapsed:  00:00:14
</pre>
</body>
</html>
