<html>
<body>
<pre>
<h1>µVision Build Log</h1>
<h2>Tool Versions:</h2>
IDE-Version: ¦ÌVision V5.41.0.0
Copyright (C) 2024 ARM Ltd and ARM Germany GmbH. All rights reserved.
License Information: 11 Huawei, 1, LIC=SDA0P-MSF9L-LQH0Q-NQ9SD-A5NIK-U1TBL
 
Tool Versions:
Toolchain:       MDK-ARM Plus  Version: 5.41.0.0
Toolchain Path:  C:\Users\Huawei\AppData\Local\Keil_v5\ARM\ARMCC\Bin
C Compiler:      Armcc.exe V5.06 update 7 (build 960)
Assembler:       Armasm.exe V5.06 update 7 (build 960)
Linker/Locator:  ArmLink.exe V5.06 update 7 (build 960)
Library Manager: ArmAr.exe V5.06 update 7 (build 960)
Hex Converter:   FromElf.exe V5.06 update 7 (build 960)
CPU DLL:         SARMCM3.DLL V5.41.0.0
Dialog DLL:      DCM.DLL V1.17.5.0
Target DLL:      UL2CM3.DLL V1.164.14.0
Dialog DLL:      TCM.DLL V1.56.4.0
 
<h2>Project:</h2>
C:\Users\Huawei\Desktop\´úÂë´æ´¢\17.chassis_task\17.chassis_task\MDK-ARM\chassis_task.uvprojx
Project File Date:  03/06/2025

<h2>Output:</h2>
*** Using Compiler 'V5.06 update 7 (build 960)', folder: 'C:\Users\Huawei\AppData\Local\Keil_v5\ARM\ARMCC\Bin'
Build target 'chassis_task'
assembling startup_stm32f407xx.s...
compiling stm32f4xx_it.c...
compiling dma.c...
compiling stm32f4xx_hal_i2c_ex.c...
compiling usart.c...
compiling stm32f4xx_hal_msp.c...
compiling rtc.c...
compiling tim.c...
compiling i2c.c...
compiling can.c...
compiling gpio.c...
compiling stm32f4xx_hal_can.c...
compiling main.c...
compiling freertos.c...
compiling spi.c...
compiling stm32f4xx_hal_i2c.c...
compiling stm32f4xx_hal_rtc.c...
compiling stm32f4xx_hal_rtc_ex.c...
compiling stm32f4xx_hal_spi.c...
compiling stm32f4xx_hal_uart.c...
compiling stm32f4xx_hal_flash_ramfunc.c...
compiling stm32f4xx_hal_tim_ex.c...
compiling stm32f4xx_hal_flash.c...
compiling croutine.c...
compiling stm32f4xx_hal_rcc.c...
compiling stm32f4xx_hal_gpio.c...
compiling stm32f4xx_hal_tim.c...
compiling stm32f4xx_hal_rcc_ex.c...
compiling stm32f4xx_hal_dma_ex.c...
compiling stm32f4xx_hal_dma.c...
compiling event_groups.c...
compiling stm32f4xx_hal_flash_ex.c...
compiling list.c...
compiling stream_buffer.c...
compiling queue.c...
compiling timers.c...
compiling tasks.c...
compiling heap_4.c...
compiling stm32f4xx_hal_pwr.c...
compiling port.c...
compiling cmsis_os.c...
compiling calibrate_task.c...
compiling chassis_behaviour.c...
compiling chassis_task.c...
compiling detect_task.c...
compiling stm32f4xx_hal_pwr_ex.c...
compiling stm32f4xx_hal_cortex.c...
compiling stm32f4xx_hal.c...
compiling system_stm32f4xx.c...
compiling stm32f4xx_hal_exti.c...
compiling bsp_can.c...
compiling ist8310driver.c...
compiling bsp_rc.c...
compiling bsp_delay.c...
compiling bsp_imu_pwm.c...
compiling bsp_buzzer.c...
compiling bsp_led.c...
compiling user_lib.c...
compiling bsp_flash.c...
compiling CAN_receive.c...
compiling bsp_spi.c...
compiling INS_task.c...
compiling led_flow_task.c...
compiling remote_control.c...
compiling BMI088driver.c...
compiling test_task.c...
compiling pid.c...
compiling AHRS_middleware.c...
compiling BMI088Middleware.c...
compiling ist8310driver_middleware.c...
linking...
Program Size: Code=63196 RO-data=2924 RW-data=596 ZI-data=46220  
FromELF: creating hex file...
"chassis_task\chassis_task.axf" - 0 Error(s), 0 Warning(s).

<h2>Software Packages used:</h2>

Package Vendor: ARM
                https://www.keil.com/pack/ARM.CMSIS.6.1.0.pack
                ARM::CMSIS@6.1.0
                CMSIS (Common Microcontroller Software Interface Standard)
   * Component: CORE Version: 6.1.0

Package Vendor: Keil
                https://www.keil.com/pack/Keil.STM32F4xx_DFP.3.0.0.pack
                Keil::STM32F4xx_DFP@3.0.0
                STMicroelectronics STM32F4 Series Device Support

<h2>Collection of Component include folders:</h2>
  ./RTE/_chassis_task
  C:/Users/Huawei/AppData/Local/Arm/Packs/ARM/CMSIS/6.1.0/CMSIS/Core/Include

<h2>Collection of Component Files used:</h2>

   * Component: ARM::CMSIS:CORE@6.1.0
Build Time Elapsed:  00:01:10
</pre>
</body>
</html>
